<html>
<body>
<pre>
<h1>µVision Build Log</h1>
<h2>Project:</h2>
F:\det\STM32F10X_Library\Project\STM32F10X_Library.uvproj
Project File Date:  03/01/2014

<h2>Output:</h2>
Rebuild target 'STM32F103X_Library'
assembling startup_stm32f10x_hd.s...
compiling main.c...
..\Libraries\CMSIS\CM3\DeviceSupport\ST\STM32F10x\stm32f10x.h(96): error:  #35: #error directive: "Please select first the target STM32F10x device used in your application (in stm32f10x.h file)"
compiling stm32f10x_it.c...
..\Libraries\CMSIS\CM3\DeviceSupport\ST\STM32F10x\stm32f10x.h(96): error:  #35: #error directive: "Please select first the target STM32F10x device used in your application (in stm32f10x.h file)"
compiling core_cm3.c...
compiling system_stm32f10x.c...
..\Libraries\CMSIS\CM3\DeviceSupport\ST\STM32F10x\stm32f10x.h(96): error:  #35: #error directive: "Please select first the target STM32F10x device used in your application (in stm32f10x.h file)"
compiling MY_STM32F10X_ADC.c...
..\Libraries\CMSIS\CM3\DeviceSupport\ST\STM32F10x\stm32f10x.h(96): error:  #35: #error directive: "Please select first the target STM32F10x device used in your application (in stm32f10x.h file)"
compiling MY_STM32F10X_Clock.c...
..\Libraries\CMSIS\CM3\DeviceSupport\ST\STM32F10x\stm32f10x.h(96): error:  #35: #error directive: "Please select first the target STM32F10x device used in your application (in stm32f10x.h file)"
compiling MY_STM32F10X_Delay.c...
..\Libraries\CMSIS\CM3\DeviceSupport\ST\STM32F10x\stm32f10x.h(96): error:  #35: #error directive: "Please select first the target STM32F10x device used in your application (in stm32f10x.h file)"
compiling MY_STM32F10X_DMA.c...
..\Libraries\CMSIS\CM3\DeviceSupport\ST\STM32F10x\stm32f10x.h(96): error:  #35: #error directive: "Please select first the target STM32F10x device used in your application (in stm32f10x.h file)"
compiling MY_STM32F10X_ExInterrupt.c...
..\Libraries\CMSIS\CM3\DeviceSupport\ST\STM32F10x\stm32f10x.h(96): error:  #35: #error directive: "Please select first the target STM32F10x device used in your application (in stm32f10x.h file)"
compiling MY_STM32F10X_GPIO.c...
..\Libraries\CMSIS\CM3\DeviceSupport\ST\STM32F10x\stm32f10x.h(96): error:  #35: #error directive: "Please select first the target STM32F10x device used in your application (in stm32f10x.h file)"
compiling MY_STM32F10X_NVIC.c...
..\Libraries\CMSIS\CM3\DeviceSupport\ST\STM32F10x\stm32f10x.h(96): error:  #35: #error directive: "Please select first the target STM32F10x device used in your application (in stm32f10x.h file)"
compiling MY_STM32F10X_PWM.c...
..\Libraries\CMSIS\CM3\DeviceSupport\ST\STM32F10x\stm32f10x.h(96): error:  #35: #error directive: "Please select first the target STM32F10x device used in your application (in stm32f10x.h file)"
compiling MY_STM32F10X_RTC.c...
..\Libraries\CMSIS\CM3\DeviceSupport\ST\STM32F10x\stm32f10x.h(96): error:  #35: #error directive: "Please select first the target STM32F10x device used in your application (in stm32f10x.h file)"
compiling MY_STM32F10X_Time.c...
..\Libraries\CMSIS\CM3\DeviceSupport\ST\STM32F10x\stm32f10x.h(96): error:  #35: #error directive: "Please select first the target STM32F10x device used in your application (in stm32f10x.h file)"
compiling MY_STM32F10X_USART.c...
..\Libraries\CMSIS\CM3\DeviceSupport\ST\STM32F10x\stm32f10x.h(96): error:  #35: #error directive: "Please select first the target STM32F10x device used in your application (in stm32f10x.h file)"
".\Obj\STM32F10X_Library.axf" - 14 Errors, 0 Warning(s).
Target not created
Rebuild target 'STM32F103X_Library'
assembling startup_stm32f10x_hd.s...
compiling main.c...
compiling stm32f10x_it.c...
compiling core_cm3.c...
compiling system_stm32f10x.c...
compiling MY_STM32F10X_ADC.c...
compiling MY_STM32F10X_Clock.c...
compiling MY_STM32F10X_Delay.c...
compiling MY_STM32F10X_DMA.c...
compiling MY_STM32F10X_ExInterrupt.c...
compiling MY_STM32F10X_GPIO.c...
compiling MY_STM32F10X_NVIC.c...
compiling MY_STM32F10X_PWM.c...
compiling MY_STM32F10X_RTC.c...
compiling MY_STM32F10X_Time.c...
compiling MY_STM32F10X_USART.c...
linking...
Program Size: Code=5492 RO-data=336 RW-data=24 ZI-data=1632  
".\Obj\STM32F10X_Library.axf" - 0 Errors, 0 Warning(s).
Rebuild target 'STM32F103X_Library'
assembling startup_stm32f10x_hd.s...
compiling main.c...
compiling stm32f10x_it.c...
compiling core_cm3.c...
compiling system_stm32f10x.c...
compiling MY_STM32F10X_ADC.c...
compiling MY_STM32F10X_Clock.c...
compiling MY_STM32F10X_Delay.c...
compiling MY_STM32F10X_DMA.c...
compiling MY_STM32F10X_ExInterrupt.c...
compiling MY_STM32F10X_GPIO.c...
compiling MY_STM32F10X_NVIC.c...
compiling MY_STM32F10X_PWM.c...
compiling MY_STM32F10X_RTC.c...
compiling MY_STM32F10X_Time.c...
compiling MY_STM32F10X_USART.c...
linking...
Program Size: Code=5492 RO-data=336 RW-data=24 ZI-data=1632  
".\Obj\STM32F10X_Library.axf" - 0 Errors, 0 Warning(s).
