Component: ARM Compiler 5.05 update 2 (build 169) Tool: armlink [4d0f33]

==============================================================================

Section Cross References

    startup_stm32f10x_hd.o(STACK) refers (Special) to heapauxi.o(.text) for __use_two_region_memory
    startup_stm32f10x_hd.o(HEAP) refers (Special) to heapauxi.o(.text) for __use_two_region_memory
    startup_stm32f10x_hd.o(RESET) refers (Special) to heapauxi.o(.text) for __use_two_region_memory
    startup_stm32f10x_hd.o(RESET) refers to startup_stm32f10x_hd.o(STACK) for __initial_sp
    startup_stm32f10x_hd.o(RESET) refers to startup_stm32f10x_hd.o(.text) for Reset_Handler
    startup_stm32f10x_hd.o(RESET) refers to stm32f10x_it.o(.text) for NMI_Handler
    startup_stm32f10x_hd.o(RESET) refers to my_stm32f10x_systick.o(.text) for SysTick_Handler
    startup_stm32f10x_hd.o(RESET) refers to my_stm32f10x_rtc.o(.text) for RTC_IRQHandler
    startup_stm32f10x_hd.o(RESET) refers to my_stm32f10x_adc.o(.text) for ADC1_2_IRQHandler
    startup_stm32f10x_hd.o(RESET) refers to my_stm32f10x_can.o(.text) for USB_LP_CAN1_RX0_IRQHandler
    startup_stm32f10x_hd.o(RESET) refers to my_stm32f10x_timer.o(.text) for TIM2_IRQHandler
    startup_stm32f10x_hd.o(RESET) refers to my_stm32f10x_usart.o(.text) for USART1_IRQHandler
    startup_stm32f10x_hd.o(RESET) refers to my_stm32f10x_exinterrupt.o(.text) for EXTI15_10_IRQHandler
    startup_stm32f10x_hd.o(.text) refers (Special) to heapauxi.o(.text) for __use_two_region_memory
    startup_stm32f10x_hd.o(.text) refers to system_stm32f10x.o(.text) for SystemInit
    startup_stm32f10x_hd.o(.text) refers to __main.o(!!!main) for __main
    startup_stm32f10x_hd.o(.text) refers to startup_stm32f10x_hd.o(HEAP) for Heap_Mem
    startup_stm32f10x_hd.o(.text) refers to startup_stm32f10x_hd.o(STACK) for Stack_Mem
    main.o(.text) refers to _printf_percent.o(.ARM.Collect$$_printf_percent$$00000000) for _printf_percent
    main.o(.text) refers to _printf_d.o(.ARM.Collect$$_printf_percent$$00000009) for _printf_d
    main.o(.text) refers to _printf_dec.o(.text) for _printf_int_dec
    main.o(.text) refers to my_stm32f10x_systick.o(.text) for STM32_Delay_ms
    main.o(.text) refers to my_stm32f10x_clock.o(.text) for STM32_ClockInit
    main.o(.text) refers to my_stm32f10x_gpio.o(.text) for STM32_GPIOInit
    main.o(.text) refers to my_stm32f10x_exinterrupt.o(.text) for STM32_ExInterruptInit
    main.o(.text) refers to my_stm32f10x_usart.o(.text) for STM32_USARTInit
    main.o(.text) refers to delay.o(.text) for delay_init
    main.o(.text) refers to noretval__2printf.o(.text) for __2printf
    main.o(.text) refers to my_stm32f10x_timer.o(.text) for STM32_TimerInit
    main.o(.text) refers to my_stm32f10x_adc.o(.text) for STM32_ADC1Init
    main.o(.text) refers to my_stm32f10x_pwm.o(.text) for STM32_TIMxPWMInit
    main.o(.text) refers to my_stm32f10x_can.o(.text) for STM32_CAN1Init
    system_stm32f10x.o(.text) refers to system_stm32f10x.o(.data) for SystemCoreClock
    stm32f10x_rcc.o(.text) refers to stm32f10x_rcc.o(.data) for APBAHBPrescTable
    stm32f10x_gpio.o(.text) refers to stm32f10x_rcc.o(.text) for RCC_APB2PeriphResetCmd
    stm32f10x_can.o(.text) refers to stm32f10x_rcc.o(.text) for RCC_APB1PeriphResetCmd
    my_stm32f10x_adc.o(.text) refers to my_stm32f10x_nvic.o(.text) for STM32_NVICInit
    my_stm32f10x_adc.o(.text) refers to fmul.o(x$fpl$fmul) for __aeabi_fmul
    my_stm32f10x_adc.o(.text) refers to f2d.o(x$fpl$f2d) for __aeabi_f2d
    my_stm32f10x_adc.o(.text) refers to ddiv.o(x$fpl$ddiv) for __aeabi_ddiv
    my_stm32f10x_adc.o(.text) refers to dfixu.o(x$fpl$dfixu) for __aeabi_d2uiz
    my_stm32f10x_adc.o(.text) refers to fflt_clz.o(x$fpl$ffltu) for __aeabi_ui2f
    my_stm32f10x_adc.o(.text) refers to fdiv.o(x$fpl$fdiv) for __aeabi_fdiv
    my_stm32f10x_clock.o(.text) refers to my_stm32f10x_nvic.o(.text) for STM32_NVICSetVectorTable
    my_stm32f10x_dma.o(.text) refers to my_stm32f10x_dma.o(.bss) for DMA1_DataLength
    my_stm32f10x_exinterrupt.o(.text) refers to my_stm32f10x_nvic.o(.text) for STM32_NVICInit
    my_stm32f10x_exinterrupt.o(.text) refers to my_stm32f10x_systick.o(.text) for STM32_Delay_ms
    my_stm32f10x_nvic.o(.text) refers to ldexp.o(i.ldexp) for ldexp
    my_stm32f10x_nvic.o(.text) refers to dflt_clz.o(x$fpl$dfltu) for __aeabi_ui2d
    my_stm32f10x_nvic.o(.text) refers to dleqf.o(x$fpl$dleqf) for __aeabi_cdcmple
    my_stm32f10x_pwm.o(.text) refers to dflt_clz.o(x$fpl$dfltu) for __aeabi_ui2d
    my_stm32f10x_pwm.o(.text) refers to sqrt.o(i.sqrt) for sqrt
    my_stm32f10x_pwm.o(.text) refers to dfixu.o(x$fpl$dfixu) for __aeabi_d2uiz
    my_stm32f10x_pwm.o(.text) refers to fflt_clz.o(x$fpl$ffltu) for __aeabi_ui2f
    my_stm32f10x_pwm.o(.text) refers to fmul.o(x$fpl$fmul) for __aeabi_fmul
    my_stm32f10x_pwm.o(.text) refers to ffixu.o(x$fpl$ffixu) for __aeabi_f2uiz
    my_stm32f10x_rtc.o(.text) refers to my_stm32f10x_systick.o(.text) for STM32_Delay_ms
[...]
    libinit2.o(.ARM.Collect$$libinit$$00000026) refers to argv_veneer.o(.emb_text) for __ARM_argv_veneer
    libinit2.o(.ARM.Collect$$libinit$$00000027) refers to argv_veneer.o(.emb_text) for __ARM_argv_veneer
    trapv.o(x$fpl$trapveneer) refers (Special) to usenofp.o(x$fpl$usenofp) for __I$use$fp
    rtexit2.o(.ARM.Collect$$rtexit$$00000003) refers to libshutdown.o(.ARM.Collect$$libshutdown$$00000000) for __rt_lib_shutdown
    rtexit2.o(.ARM.Collect$$rtexit$$00000004) refers to usart.o(.text) for _sys_exit
    rtexit2.o(.ARM.exidx) refers to rtexit2.o(.ARM.Collect$$rtexit$$00000001) for .ARM.Collect$$rtexit$$00000001
    rtexit2.o(.ARM.exidx) refers to rtexit2.o(.ARM.Collect$$rtexit$$00000003) for .ARM.Collect$$rtexit$$00000003
    rtexit2.o(.ARM.exidx) refers to rtexit2.o(.ARM.Collect$$rtexit$$00000004) for .ARM.Collect$$rtexit$$00000004
    argv_veneer.o(.emb_text) refers to no_argv.o(.text) for __ARM_get_argv
    _get_argv_nomalloc.o(.text) refers (Special) to hrguard.o(.text) for __heap_region$guard
    _get_argv_nomalloc.o(.text) refers to defsig_rtmem_outer.o(.text) for __rt_SIGRTMEM
    _get_argv_nomalloc.o(.text) refers to sys_command.o(.text) for _sys_command_string
    libshutdown.o(.ARM.Collect$$libshutdown$$00000000) refers (Special) to libshutdown2.o(.ARM.Collect$$libshutdown$$00000006) for __rt_lib_shutdown_fp_trap_1
    libshutdown.o(.ARM.Collect$$libshutdown$$00000000) refers (Special) to libshutdown2.o(.ARM.Collect$$libshutdown$$0000000E) for __rt_lib_shutdown_heap_1
    libshutdown.o(.ARM.Collect$$libshutdown$$00000000) refers (Special) to libshutdown2.o(.ARM.Collect$$libshutdown$$0000000F) for __rt_lib_shutdown_return
    libshutdown.o(.ARM.Collect$$libshutdown$$00000000) refers (Special) to libshutdown2.o(.ARM.Collect$$libshutdown$$00000009) for __rt_lib_shutdown_signal_1
    libshutdown.o(.ARM.Collect$$libshutdown$$00000000) refers (Special) to libshutdown2.o(.ARM.Collect$$libshutdown$$00000003) for __rt_lib_shutdown_stdio_1
    libshutdown.o(.ARM.Collect$$libshutdown$$00000000) refers (Special) to libshutdown2.o(.ARM.Collect$$libshutdown$$0000000B) for __rt_lib_shutdown_user_alloc_1
    sys_command.o(.text) refers (Special) to use_no_semi.o(.text) for __I$use$semihosting
    sys_command.o(.text) refers (Special) to indicate_semi.o(.text) for __semihosting_library_function
    defsig_rtmem_outer.o(.text) refers to defsig_rtmem_inner.o(.text) for __rt_SIGRTMEM_inner
    defsig_rtmem_outer.o(.text) refers to defsig_exit.o(.text) for __sig_exit
    defsig_rtmem_formal.o(.text) refers to rt_raise.o(.text) for __rt_raise
    rt_raise.o(.text) refers to __raise.o(.text) for __raise
    rt_raise.o(.text) refers to usart.o(.text) for _sys_exit
    defsig_exit.o(.text) refers to usart.o(.text) for _sys_exit
    defsig_rtmem_inner.o(.text) refers to defsig_general.o(.text) for __default_signal_display
    __raise.o(.text) refers to defsig.o(CL$$defsig) for __default_signal_handler
    defsig_general.o(.text) refers to sys_wrch.o(.text) for _ttywrch
    sys_wrch.o(.text) refers (Special) to use_no_semi.o(.text) for __I$use$semihosting
    sys_wrch.o(.text) refers (Special) to indicate_semi.o(.text) for __semihosting_library_function
    defsig.o(CL$$defsig) refers to defsig_rtmem_inner.o(.text) for __rt_SIGRTMEM_inner
    defsig_abrt_inner.o(.text) refers to defsig_general.o(.text) for __default_signal_display
    defsig_fpe_inner.o(.text) refers to defsig_general.o(.text) for __default_signal_display
    defsig_rtred_inner.o(.text) refers to defsig_general.o(.text) for __default_signal_display
    defsig_stak_inner.o(.text) refers to defsig_general.o(.text) for __default_signal_display
    defsig_pvfn_inner.o(.text) refers to defsig_general.o(.text) for __default_signal_display
    defsig_cppl_inner.o(.text) refers to defsig_general.o(.text) for __default_signal_display
    defsig_segv_inner.o(.text) refers to defsig_general.o(.text) for __default_signal_display
    defsig_other.o(.text) refers to defsig_general.o(.text) for __default_signal_display


==============================================================================

Removing Unused input sections from the image.

    Removing core_cm3.o(.emb_text), (32 bytes).
    Removing my_stm32f10x_dma.o(.text), (260 bytes).
    Removing my_stm32f10x_dma.o(.bss), (48 bytes).
    Removing my_stm32f10x_spi.o(.text), (416 bytes).
    Removing my_stm32f10x_iic.o(.text), (952 bytes).
    Removing my_stm32f10x_sccb.o(.text), (688 bytes).
    Removing usart.o(.bss), (200 bytes).

7 unused section(s) (total 2596 bytes) removed from the image.

==============================================================================

Image Symbol Table

    Local Symbols

    Symbol Name                              Value     Ov Type        Size  Object(Section)

    ../clib/angel/boardlib.s                 0x00000000   Number         0  boardinit3.o ABSOLUTE
    ../clib/angel/boardlib.s                 0x00000000   Number         0  boardinit1.o ABSOLUTE
    ../clib/angel/boardlib.s                 0x00000000   Number         0  boardshut.o ABSOLUTE
    ../clib/angel/boardlib.s                 0x00000000   Number         0  boardinit2.o ABSOLUTE
    ../clib/angel/handlers.s                 0x00000000   Number         0  __scatter_copy.o ABSOLUTE
    ../clib/angel/handlers.s                 0x00000000   Number         0  __scatter_zi.o ABSOLUTE
    ../clib/angel/kernel.s                   0x00000000   Number         0  __rtentry2.o ABSOLUTE
    ../clib/angel/kernel.s                   0x00000000   Number         0  __rtentry.o ABSOLUTE
    ../clib/angel/kernel.s                   0x00000000   Number         0  __rtentry4.o ABSOLUTE
    ../clib/angel/kernel.s                   0x00000000   Number         0  rtexit.o ABSOLUTE
    ../clib/angel/kernel.s                   0x00000000   Number         0  rtexit2.o ABSOLUTE
    ../clib/angel/rt.s                       0x00000000   Number         0  rt_errno_addr_intlibspace.o ABSOLUTE
    ../clib/angel/rt.s                       0x00000000   Number         0  rt_errno_addr.o ABSOLUTE
    ../clib/angel/rt.s                       0x00000000   Number         0  rt_raise.o ABSOLUTE
    ../clib/angel/scatter.s                  0x00000000   Number         0  __scatter.o ABSOLUTE
    ../clib/angel/startup.s                  0x00000000   Number         0  __main.o ABSOLUTE
    ../clib/angel/sys.s                      0x00000000   Number         0  sys_stackheap_outer.o ABSOLUTE
    ../clib/angel/sys.s                      0x00000000   Number         0  indicate_semi.o ABSOLUTE
    ../clib/angel/sys.s                      0x00000000   Number         0  libspace.o ABSOLUTE
    ../clib/angel/sys.s                      0x00000000   Number         0  use_no_semi.o ABSOLUTE
    ../clib/angel/sys.s                      0x00000000   Number         0  use_no_semi_2.o ABSOLUTE
    ../clib/angel/sysapp.c                   0x00000000   Number         0  sys_command.o ABSOLUTE
    ../clib/angel/sysapp.c                   0x00000000   Number         0  sys_wrch.o ABSOLUTE
    ../clib/armsys.c                         0x00000000   Number         0  argv_veneer.o ABSOLUTE
    ../clib/armsys.c                         0x00000000   Number         0  no_argv.o ABSOLUTE
    ../clib/armsys.c                         0x00000000   Number         0  argv_veneer.o ABSOLUTE
    ../clib/armsys.c                         0x00000000   Number         0  _get_argv_nomalloc.o ABSOLUTE
    ../clib/fenv.c                           0x00000000   Number         0  _rserrno.o ABSOLUTE
    ../clib/heapalloc.c                      0x00000000   Number         0  hrguard.o ABSOLUTE
    ../clib/heapaux.c                        0x00000000   Number         0  heapauxi.o ABSOLUTE
    ../clib/libinit.s                        0x00000000   Number         0  libinit2.o ABSOLUTE
    ../clib/libinit.s                        0x00000000   Number         0  libshutdown.o ABSOLUTE
    ../clib/libinit.s                        0x00000000   Number         0  libinit.o ABSOLUTE
    ../clib/libinit.s                        0x00000000   Number         0  libshutdown2.o ABSOLUTE
    ../clib/printf.c                         0x00000000   Number         0  _printf_char_common.o ABSOLUTE
    ../clib/printf.c                         0x00000000   Number         0  _printf_hex_int.o ABSOLUTE
    ../clib/printf.c                         0x00000000   Number         0  _printf_hex_ll.o ABSOLUTE
    ../clib/printf.c                         0x00000000   Number         0  _printf_dec.o ABSOLUTE
    ../clib/printf.c                         0x00000000   Number         0  __printf.o ABSOLUTE
    ../clib/printf.c                         0x00000000   Number         0  __printf_flags_ss_wp.o ABSOLUTE
    ../clib/printf.c                         0x00000000   Number         0  noretval__2printf.o ABSOLUTE
    ../clib/printf.c                         0x00000000   Number         0  __2printf.o ABSOLUTE
    ../clib/printf.c                         0x00000000   Number         0  __printf_nopercent.o ABSOLUTE
    ../clib/printf.c                         0x00000000   Number         0  _printf_char_file.o ABSOLUTE
    ../clib/printf.c                         0x00000000   Number         0  _printf_intcommon.o ABSOLUTE
    ../clib/printf.c                         0x00000000   Number         0  __printf_flags_ss.o ABSOLUTE
    ../clib/printf.c                         0x00000000   Number         0  __printf_ss.o ABSOLUTE
    ../clib/printf.c                         0x00000000   Number         0  __printf_flags.o ABSOLUTE
    ../clib/printf.c                         0x00000000   Number         0  __printf_wp.o ABSOLUTE
    ../clib/printf.c                         0x00000000   Number         0  __printf_flags_wp.o ABSOLUTE
    ../clib/printf.c                         0x00000000   Number         0  __printf_ss_wp.o ABSOLUTE
    ../clib/printf.c                         0x00000000   Number         0  _printf_hex_int_ll_ptr.o ABSOLUTE
    ../clib/printf.c                         0x00000000   Number         0  _printf_hex_ll_ptr.o ABSOLUTE
    ../clib/printf.c                         0x00000000   Number         0  _printf_hex_int_ptr.o ABSOLUTE
    ../clib/printf.c                         0x00000000   Number         0  _printf_hex_ptr.o ABSOLUTE
    ../clib/printf.c                         0x00000000   Number         0  _printf_hex_int_ll.o ABSOLUTE
    ../clib/printf_percent.s                 0x00000000   Number         0  _printf_x.o ABSOLUTE
    ../clib/printf_percent.s                 0x00000000   Number         0  _printf_d.o ABSOLUTE
    ../clib/printf_percent.s                 0x00000000   Number         0  _printf_percent.o ABSOLUTE
    ../clib/printf_percent.s                 0x00000000   Number         0  _printf_percent_end.o ABSOLUTE
    ../clib/signal.c                         0x00000000   Number         0  defsig_pvfn_inner.o ABSOLUTE
    ../clib/signal.c                         0x00000000   Number         0  defsig_cppl_inner.o ABSOLUTE
    ../clib/signal.c                         0x00000000   Number         0  defsig_segv_inner.o ABSOLUTE
    ../clib/signal.c                         0x00000000   Number         0  defsig_other.o ABSOLUTE
    ../clib/signal.c                         0x00000000   Number         0  defsig_general.o ABSOLUTE
    ../clib/signal.c                         0x00000000   Number         0  __raise.o ABSOLUTE
    ../clib/signal.c                         0x00000000   Number         0  defsig_rtmem_formal.o ABSOLUTE
    ../clib/signal.c                         0x00000000   Number         0  defsig_rtmem_outer.o ABSOLUTE
    ../clib/signal.c                         0x00000000   Number         0  defsig_abrt_inner.o ABSOLUTE
    ../clib/signal.c                         0x00000000   Number         0  defsig_exit.o ABSOLUTE
    ../clib/signal.c                         0x00000000   Number         0  defsig_fpe_inner.o ABSOLUTE
    ../clib/signal.c                         0x00000000   Number         0  defsig_rtmem_inner.o ABSOLUTE
    ../clib/signal.c                         0x00000000   Number         0  defsig_rtred_inner.o ABSOLUTE
    ../clib/signal.c                         0x00000000   Number         0  defsig_stak_inner.o ABSOLUTE
    ../clib/signal.s                         0x00000000   Number         0  defsig.o ABSOLUTE
    ../clib/stdio.c                          0x00000000   Number         0  ferror_locked.o ABSOLUTE
    ../clib/stdio.c                          0x00000000   Number         0  ferror.o ABSOLUTE
    ../clib/stdlib.c                         0x00000000   Number         0  exit.o ABSOLUTE
    ../fplib/daddsub.s                       0x00000000   Number         0  daddsub_clz.o ABSOLUTE
    ../fplib/dcheck1.s                       0x00000000   Number         0  dcheck1.o ABSOLUTE
    ../fplib/dcmpi.s                         0x00000000   Number         0  dcmpi.o ABSOLUTE
    ../fplib/ddiv.s                          0x00000000   Number         0  ddiv.o ABSOLUTE
    ../fplib/deqf.s                          0x00000000   Number         0  deqf.o ABSOLUTE
    ../fplib/dfixu.s                         0x00000000   Number         0  dfixu.o ABSOLUTE
    ../fplib/dflt.s                          0x00000000   Number         0  dflt_clz.o ABSOLUTE
    ../fplib/dleqf.s                         0x00000000   Number         0  dleqf.o ABSOLUTE
    ../fplib/dmul.s                          0x00000000   Number         0  dmul.o ABSOLUTE
    ../fplib/dnaninf.s                       0x00000000   Number         0  dnaninf.o ABSOLUTE
    ../fplib/dretinf.s                       0x00000000   Number         0  dretinf.o ABSOLUTE
    ../fplib/dsqrt.s                         0x00000000   Number         0  dsqrt_noumaal.o ABSOLUTE
    ../fplib/f2d.s                           0x00000000   Number         0  f2d.o ABSOLUTE
    ../fplib/faddsub.s                       0x00000000   Number         0  faddsub_clz.o ABSOLUTE
    ../fplib/fdiv.s                          0x00000000   Number         0  fdiv.o ABSOLUTE
    ../fplib/ffixu.s                         0x00000000   Number         0  ffixu.o ABSOLUTE
    ../fplib/fflt.s                          0x00000000   Number         0  fflt_clz.o ABSOLUTE
    ../fplib/fmul.s                          0x00000000   Number         0  fmul.o ABSOLUTE
    ../fplib/fnaninf.s                       0x00000000   Number         0  fnaninf.o ABSOLUTE
    ../fplib/fpinit.s                        0x00000000   Number         0  fpinit.o ABSOLUTE
    ../fplib/fretinf.s                       0x00000000   Number         0  fretinf.o ABSOLUTE
    ../fplib/istatus.s                       0x00000000   Number         0  istatus.o ABSOLUTE
    ../fplib/retnan.s                        0x00000000   Number         0  retnan.o ABSOLUTE
    ../fplib/scalbn.s                        0x00000000   Number         0  scalbn.o ABSOLUTE
    ../fplib/trapv.s                         0x00000000   Number         0  trapv.o ABSOLUTE
    ../fplib/usenofp.s                       0x00000000   Number         0  usenofp.o ABSOLUTE
    ../mathlib/dunder.c                      0x00000000   Number         0  dunder.o ABSOLUTE
    ../mathlib/ldexp.c                       0x00000000   Number         0  ldexp.o ABSOLUTE
    ../mathlib/ldexp.c                       0x00000000   Number         0  ldexp_x.o ABSOLUTE
    ../mathlib/qnan.c                        0x00000000   Number         0  qnan.o ABSOLUTE
    ../mathlib/sqrt.c                        0x00000000   Number         0  sqrt.o ABSOLUTE
    ../mathlib/sqrt.c                        0x00000000   Number         0  sqrt_x.o ABSOLUTE
    ..\Libraries\CMSIS\CM3\CoreSupport\core_cm3.c 0x00000000   Number         0  core_cm3.o ABSOLUTE
    ..\Libraries\CMSIS\CM3\DeviceSupport\ST\STM32F10x\system_stm32f10x.c 0x00000000   Number         0  system_stm32f10x.o ABSOLUTE
    ..\Libraries\STM32F10x_StdPeriph_Driver\src\misc.c 0x00000000   Number         0  misc.o ABSOLUTE
    ..\Libraries\STM32F10x_StdPeriph_Driver\src\stm32f10x_can.c 0x00000000   Number         0  stm32f10x_can.o ABSOLUTE
    ..\Libraries\STM32F10x_StdPeriph_Driver\src\stm32f10x_gpio.c 0x00000000   Number         0  stm32f10x_gpio.o ABSOLUTE
    ..\Libraries\STM32F10x_StdPeriph_Driver\src\stm32f10x_rcc.c 0x00000000   Number         0  stm32f10x_rcc.o ABSOLUTE
    ..\MY_Libraries\src\MY_STM32F10X_ADC.c   0x00000000   Number         0  my_stm32f10x_adc.o ABSOLUTE
    ..\MY_Libraries\src\MY_STM32F10X_CAN.c   0x00000000   Number         0  my_stm32f10x_can.o ABSOLUTE
    ..\MY_Libraries\src\MY_STM32F10X_Clock.c 0x00000000   Number         0  my_stm32f10x_clock.o ABSOLUTE
    ..\MY_Libraries\src\MY_STM32F10X_DMA.c   0x00000000   Number         0  my_stm32f10x_dma.o ABSOLUTE
    ..\MY_Libraries\src\MY_STM32F10X_ExInterrupt.c 0x00000000   Number         0  my_stm32f10x_exinterrupt.o ABSOLUTE
    ..\MY_Libraries\src\MY_STM32F10X_GPIO.c  0x00000000   Number         0  my_stm32f10x_gpio.o ABSOLUTE
    ..\MY_Libraries\src\MY_STM32F10X_IIC.c   0x00000000   Number         0  my_stm32f10x_iic.o ABSOLUTE
    ..\MY_Libraries\src\MY_STM32F10X_NVIC.c  0x00000000   Number         0  my_stm32f10x_nvic.o ABSOLUTE
    ..\MY_Libraries\src\MY_STM32F10X_PWM.c   0x00000000   Number         0  my_stm32f10x_pwm.o ABSOLUTE
    ..\MY_Libraries\src\MY_STM32F10X_RTC.c   0x00000000   Number         0  my_stm32f10x_rtc.o ABSOLUTE
    ..\MY_Libraries\src\MY_STM32F10X_SCCB.c  0x00000000   Number         0  my_stm32f10x_sccb.o ABSOLUTE
    ..\MY_Libraries\src\MY_STM32F10X_SPI.c   0x00000000   Number         0  my_stm32f10x_spi.o ABSOLUTE
    ..\MY_Libraries\src\MY_STM32F10X_SysTick.c 0x00000000   Number         0  my_stm32f10x_systick.o ABSOLUTE
    ..\MY_Libraries\src\MY_STM32F10X_Timer.c 0x00000000   Number         0  my_stm32f10x_timer.o ABSOLUTE
    ..\MY_Libraries\src\MY_STM32F10X_USART.c 0x00000000   Number         0  my_stm32f10x_usart.o ABSOLUTE
    ..\SYSTEM\delay\delay.c                  0x00000000   Number         0  delay.o ABSOLUTE
    ..\SYSTEM\sys\sys.c                      0x00000000   Number         0  sys.o ABSOLUTE
    ..\SYSTEM\usart\usart.c                  0x00000000   Number         0  usart.o ABSOLUTE
    ..\User\main.c                           0x00000000   Number         0  main.o ABSOLUTE
    ..\User\stm32f10x_it.c                   0x00000000   Number         0  stm32f10x_it.o ABSOLUTE
    ..\\Libraries\\CMSIS\\CM3\\CoreSupport\\core_cm3.c 0x00000000   Number         0  core_cm3.o ABSOLUTE
    ..\\SYSTEM\\sys\\sys.c                   0x00000000   Number         0  sys.o ABSOLUTE
    dc.s                                     0x00000000   Number         0  dc.o ABSOLUTE
    startup_stm32f10x_hd.s                   0x00000000   Number         0  startup_stm32f10x_hd.o ABSOLUTE
    RESET                                    0x08000000   Section      304  startup_stm32f10x_hd.o(RESET)
    !!!main                                  0x08000130   Section        8  __main.o(!!!main)
    !!!scatter                               0x08000138   Section       52  __scatter.o(!!!scatter)
    !!handler_copy                           0x0800016c   Section       26  __scatter_copy.o(!!handler_copy)
    !!handler_zi                             0x08000188   Section       28  __scatter_zi.o(!!handler_zi)
    .ARM.Collect$$_printf_percent$$00000000  0x080001a4   Section        0  _printf_percent.o(.ARM.Collect$$_printf_percent$$00000000)
    .ARM.Collect$$_printf_percent$$00000009  0x080001a4   Section        6  _printf_d.o(.ARM.Collect$$_printf_percent$$00000009)
    .ARM.Collect$$_printf_percent$$0000000C  0x080001aa   Section        6  _printf_x.o(.ARM.Collect$$_printf_percent$$0000000C)
    .ARM.Collect$$_printf_percent$$00000017  0x080001b0   Section        4  _printf_percent_end.o(.ARM.Collect$$_printf_percent$$00000017)
    .ARM.Collect$$libinit$$00000000          0x080001b4   Section        2  libinit.o(.ARM.Collect$$libinit$$00000000)
    .ARM.Collect$$libinit$$00000002          0x080001b6   Section        0  libinit2.o(.ARM.Collect$$libinit$$00000002)
    .ARM.Collect$$libinit$$00000004          0x080001b6   Section        0  libinit2.o(.ARM.Collect$$libinit$$00000004)
    .ARM.Collect$$libinit$$0000000A          0x080001b6   Section        0  libinit2.o(.ARM.Collect$$libinit$$0000000A)
    .ARM.Collect$$libinit$$0000000C          0x080001b6   Section        0  libinit2.o(.ARM.Collect$$libinit$$0000000C)
    .ARM.Collect$$libinit$$0000000E          0x080001b6   Section        0  libinit2.o(.ARM.Collect$$libinit$$0000000E)
    .ARM.Collect$$libinit$$00000011          0x080001b6   Section        0  libinit2.o(.ARM.Collect$$libinit$$00000011)
    .ARM.Collect$$libinit$$00000013          0x080001b6   Section        0  libinit2.o(.ARM.Collect$$libinit$$00000013)
    .ARM.Collect$$libinit$$00000015          0x080001b6   Section        0  libinit2.o(.ARM.Collect$$libinit$$00000015)
    .ARM.Collect$$libinit$$00000017          0x080001b6   Section        0  libinit2.o(.ARM.Collect$$libinit$$00000017)
    .ARM.Collect$$libinit$$00000019          0x080001b6   Section        0  libinit2.o(.ARM.Collect$$libinit$$00000019)
    .ARM.Collect$$libinit$$0000001B          0x080001b6   Section        0  libinit2.o(.ARM.Collect$$libinit$$0000001B)
    .ARM.Collect$$libinit$$0000001D          0x080001b6   Section        0  libinit2.o(.ARM.Collect$$libinit$$0000001D)
    .ARM.Collect$$libinit$$0000001F          0x080001b6   Section        0  libinit2.o(.ARM.Collect$$libinit$$0000001F)
    .ARM.Collect$$libinit$$00000021          0x080001b6   Section        0  libinit2.o(.ARM.Collect$$libinit$$00000021)
    .ARM.Collect$$libinit$$00000023          0x080001b6   Section        0  libinit2.o(.ARM.Collect$$libinit$$00000023)
    .ARM.Collect$$libinit$$00000025          0x080001b6   Section        0  libinit2.o(.ARM.Collect$$libinit$$00000025)
    .ARM.Collect$$libinit$$0000002C          0x080001b6   Section        0  libinit2.o(.ARM.Collect$$libinit$$0000002C)
    .ARM.Collect$$libinit$$0000002E          0x080001b6   Section        0  libinit2.o(.ARM.Collect$$libinit$$0000002E)
    .ARM.Collect$$libinit$$00000030          0x080001b6   Section        0  libinit2.o(.ARM.Collect$$libinit$$00000030)
    .ARM.Collect$$libinit$$00000032          0x080001b6   Section        0  libinit2.o(.ARM.Collect$$libinit$$00000032)
    .ARM.Collect$$libinit$$00000033          0x080001b6   Section        2  libinit2.o(.ARM.Collect$$libinit$$00000033)
    .ARM.Collect$$libshutdown$$00000000      0x080001b8   Section        2  libshutdown.o(.ARM.Collect$$libshutdown$$00000000)
    .ARM.Collect$$libshutdown$$00000003      0x080001ba   Section        0  libshutdown2.o(.ARM.Collect$$libshutdown$$00000003)
    .ARM.Collect$$libshutdown$$00000006      0x080001ba   Section        0  libshutdown2.o(.ARM.Collect$$libshutdown$$00000006)
    .ARM.Collect$$libshutdown$$00000009      0x080001ba   Section        0  libshutdown2.o(.ARM.Collect$$libshutdown$$00000009)
    .ARM.Collect$$libshutdown$$0000000B      0x080001ba   Section        0  libshutdown2.o(.ARM.Collect$$libshutdown$$0000000B)
    .ARM.Collect$$libshutdown$$0000000E      0x080001ba   Section        0  libshutdown2.o(.ARM.Collect$$libshutdown$$0000000E)
    .ARM.Collect$$libshutdown$$0000000F      0x080001ba   Section        2  libshutdown2.o(.ARM.Collect$$libshutdown$$0000000F)
    .ARM.Collect$$rtentry$$00000000          0x080001bc   Section        0  __rtentry.o(.ARM.Collect$$rtentry$$00000000)
    .ARM.Collect$$rtentry$$00000002          0x080001bc   Section        0  __rtentry2.o(.ARM.Collect$$rtentry$$00000002)
    .ARM.Collect$$rtentry$$00000004          0x080001bc   Section        6  __rtentry4.o(.ARM.Collect$$rtentry$$00000004)
    .ARM.Collect$$rtentry$$00000009          0x080001c2   Section        0  __rtentry2.o(.ARM.Collect$$rtentry$$00000009)
    .ARM.Collect$$rtentry$$0000000A          0x080001c2   Section        4  __rtentry2.o(.ARM.Collect$$rtentry$$0000000A)
    .ARM.Collect$$rtentry$$0000000C          0x080001c6   Section        0  __rtentry2.o(.ARM.Collect$$rtentry$$0000000C)
    .ARM.Collect$$rtentry$$0000000D          0x080001c6   Section        8  __rtentry2.o(.ARM.Collect$$rtentry$$0000000D)
    .ARM.Collect$$rtexit$$00000000           0x080001ce   Section        2  rtexit.o(.ARM.Collect$$rtexit$$00000000)
    .ARM.Collect$$rtexit$$00000002           0x080001d0   Section        0  rtexit2.o(.ARM.Collect$$rtexit$$00000002)
    .ARM.Collect$$rtexit$$00000003           0x080001d0   Section        4  rtexit2.o(.ARM.Collect$$rtexit$$00000003)
    .ARM.Collect$$rtexit$$00000004           0x080001d4   Section        6  rtexit2.o(.ARM.Collect$$rtexit$$00000004)
    .emb_text                                0x080001dc   Section       12  sys.o(.emb_text)
    .text                                    0x080001e8   Section       64  startup_stm32f10x_hd.o(.text)
    .text                                    0x08000228   Section        0  main.o(.text)
    .text                                    0x08000368   Section        0  stm32f10x_it.o(.text)
    .text                                    0x08000380   Section        0  system_stm32f10x.o(.text)
    SetSysClockTo72                          0x08000381   Thumb Code   214  system_stm32f10x.o(.text)
    SetSysClock                              0x08000457   Thumb Code     8  system_stm32f10x.o(.text)
    .text                                    0x08000560   Section        0  misc.o(.text)
    .text                                    0x0800063c   Section        0  stm32f10x_rcc.o(.text)
    .text                                    0x080009e0   Section        0  stm32f10x_gpio.o(.text)
    .text                                    0x08000d3c   Section        0  stm32f10x_can.o(.text)
    CheckITStatus                            0x0800153f   Thumb Code    18  stm32f10x_can.o(.text)
    .text                                    0x0800172c   Section        0  my_stm32f10x_adc.o(.text)
    .text                                    0x08001a10   Section        0  my_stm32f10x_clock.o(.text)
    .text                                    0x08001b48   Section        0  my_stm32f10x_exinterrupt.o(.text)
    .text                                    0x08001cec   Section        0  my_stm32f10x_gpio.o(.text)
    .text                                    0x08001db4   Section        0  my_stm32f10x_nvic.o(.text)
    .text                                    0x08001eec   Section        0  my_stm32f10x_pwm.o(.text)
    .text                                    0x080023bc   Section        0  my_stm32f10x_rtc.o(.text)
    .text                                    0x0800255c   Section        0  my_stm32f10x_timer.o(.text)
    .text                                    0x0800277c   Section        0  my_stm32f10x_usart.o(.text)
    .text                                    0x080028f4   Section        0  my_stm32f10x_systick.o(.text)
    .text                                    0x08002af4   Section        0  my_stm32f10x_can.o(.text)
    .text                                    0x08002e6c   Section        0  delay.o(.text)
    .text                                    0x08002f1c   Section        0  sys.o(.text)
    .text                                    0x080031d8   Section        0  usart.o(.text)
    .text                                    0x080032dc   Section        2  use_no_semi_2.o(.text)
    .text                                    0x080032e0   Section        0  noretval__2printf.o(.text)
    .text                                    0x080032f8   Section        0  __printf.o(.text)
    .text                                    0x08003360   Section        0  _printf_dec.o(.text)
    .text                                    0x080033d8   Section        0  _printf_hex_int.o(.text)
    .text                                    0x08003430   Section        0  heapauxi.o(.text)
    .text                                    0x08003436   Section        2  use_no_semi.o(.text)
    .text                                    0x08003438   Section        0  _rserrno.o(.text)
    .text                                    0x0800344e   Section        0  _printf_intcommon.o(.text)
    .text                                    0x08003500   Section        0  _printf_char_file.o(.text)
    .text                                    0x08003524   Section        8  rt_errno_addr_intlibspace.o(.text)
    .text                                    0x0800352c   Section        0  _printf_char_common.o(.text)
    _printf_input_char                       0x0800352d   Thumb Code    10  _printf_char_common.o(.text)
    .text                                    0x0800355c   Section        0  ferror.o(.text)
    .text                                    0x08003564   Section        8  libspace.o(.text)
    .text                                    0x0800356c   Section       74  sys_stackheap_outer.o(.text)
    .text                                    0x080035b6   Section        0  exit.o(.text)
    i.__mathlib_dbl_overflow                 0x080035c2   Section        0  dunder.o(i.__mathlib_dbl_overflow)
    i.__mathlib_dbl_underflow                0x080035d0   Section        0  dunder.o(i.__mathlib_dbl_underflow)
    i.ldexp                                  0x080035e0   Section        0  ldexp.o(i.ldexp)
    i.sqrt                                   0x08003654   Section        0  sqrt.o(i.sqrt)
    x$fpl$dcheck1                            0x080036a0   Section       16  dcheck1.o(x$fpl$dcheck1)
    x$fpl$dcmpinf                            0x080036b0   Section       24  dcmpi.o(x$fpl$dcmpinf)
    x$fpl$ddiv                               0x080036c8   Section      688  ddiv.o(x$fpl$ddiv)
    ddiv_entry                               0x080036cf   Thumb Code     0  ddiv.o(x$fpl$ddiv)
    x$fpl$deqf                               0x08003978   Section      120  deqf.o(x$fpl$deqf)
    x$fpl$dfixu                              0x080039f0   Section       90  dfixu.o(x$fpl$dfixu)
    x$fpl$dfltu                              0x08003a4a   Section       38  dflt_clz.o(x$fpl$dfltu)
    x$fpl$dleqf                              0x08003a70   Section      120  dleqf.o(x$fpl$dleqf)
    x$fpl$dmul                               0x08003ae8   Section      340  dmul.o(x$fpl$dmul)
    x$fpl$dnaninf                            0x08003c3c   Section      156  dnaninf.o(x$fpl$dnaninf)
    x$fpl$dretinf                            0x08003cd8   Section       12  dretinf.o(x$fpl$dretinf)
    x$fpl$dsqrt                              0x08003ce4   Section      460  dsqrt_noumaal.o(x$fpl$dsqrt)
    x$fpl$f2d                                0x08003eb0   Section       86  f2d.o(x$fpl$f2d)
    x$fpl$fadd                               0x08003f08   Section      196  faddsub_clz.o(x$fpl$fadd)
    _fadd1                                   0x08003f17   Thumb Code     0  faddsub_clz.o(x$fpl$fadd)
    x$fpl$fdiv                               0x08003fcc   Section      388  fdiv.o(x$fpl$fdiv)
    _fdiv1                                   0x08003fcd   Thumb Code     0  fdiv.o(x$fpl$fdiv)
    x$fpl$ffixu                              0x08004150   Section       62  ffixu.o(x$fpl$ffixu)
    x$fpl$ffltu                              0x08004190   Section       38  fflt_clz.o(x$fpl$ffltu)
    x$fpl$fmul                               0x080041b8   Section      258  fmul.o(x$fpl$fmul)
    x$fpl$fnaninf                            0x080042ba   Section      140  fnaninf.o(x$fpl$fnaninf)
    x$fpl$fretinf                            0x08004346   Section       10  fretinf.o(x$fpl$fretinf)
    x$fpl$frsb                               0x08004350   Section       20  faddsub_clz.o(x$fpl$frsb)
    x$fpl$fsub                               0x08004364   Section      234  faddsub_clz.o(x$fpl$fsub)
    _fsub1                                   0x08004373   Thumb Code     0  faddsub_clz.o(x$fpl$fsub)
    x$fpl$retnan                             0x0800444e   Section      100  retnan.o(x$fpl$retnan)
    x$fpl$scalbn                             0x080044b2   Section       92  scalbn.o(x$fpl$scalbn)
    x$fpl$trapveneer                         0x0800450e   Section       48  trapv.o(x$fpl$trapveneer)
    .constdata                               0x0800453e   Section       40  _printf_hex_int.o(.constdata)
    x$fpl$usenofp                            0x0800453e   Section        0  usenofp.o(x$fpl$usenofp)
    uc_hextab                                0x0800453e   Data          20  _printf_hex_int.o(.constdata)
    lc_hextab                                0x08004552   Data          20  _printf_hex_int.o(.constdata)
    .data                                    0x20000000   Section       20  system_stm32f10x.o(.data)
    .data                                    0x20000014   Section       20  stm32f10x_rcc.o(.data)
    APBAHBPrescTable                         0x20000014   Data          16  stm32f10x_rcc.o(.data)
    ADCPrescTable                            0x20000024   Data           4  stm32f10x_rcc.o(.data)
    .data                                    0x20000028   Section        4  my_stm32f10x_timer.o(.data)
    FunctionTimeMeasureIntCount              0x20000028   Data           4  my_stm32f10x_timer.o(.data)
    .data                                    0x2000002c   Section        8  my_stm32f10x_systick.o(.data)
    count_us                                 0x2000002c   Data           2  my_stm32f10x_systick.o(.data)
    count_ms                                 0x2000002e   Data           2  my_stm32f10x_systick.o(.data)
    FuncExctTimeMeasureIntCount              0x20000030   Data           4  my_stm32f10x_systick.o(.data)
    .data                                    0x20000034   Section        4  delay.o(.data)
    fac_us                                   0x20000034   Data           1  delay.o(.data)
    fac_ms                                   0x20000036   Data           2  delay.o(.data)
    .data                                    0x20000038   Section        6  usart.o(.data)
    .bss                                     0x20000040   Section       96  libspace.o(.bss)
    HEAP                                     0x200000a0   Section      512  startup_stm32f10x_hd.o(HEAP)
    Heap_Mem                                 0x200000a0   Data         512  startup_stm32f10x_hd.o(HEAP)
    STACK                                    0x200002a0   Section     1024  startup_stm32f10x_hd.o(STACK)
    Stack_Mem                                0x200002a0   Data        1024  startup_stm32f10x_hd.o(STACK)
    __initial_sp                             0x200006a0   Data           0  startup_stm32f10x_hd.o(STACK)

    Global Symbols

    Symbol Name                              Value     Ov Type        Size  Object(Section)

    BuildAttributes$$THM_ISAv4$P$D$K$B$S$PE$A:L22UL41UL21$X:L11$S22US41US21$IEEE1$IW$USESV6$~STKCKD$USESV7$~SHL$OTIME$ROPI$IEEEX$EBA8$UX$STANDARDLIB$REQ8$PRES8$EABIv2 0x00000000   Number         0  anon$$obj.o ABSOLUTE
    __ARM_use_no_argv                        0x00000000   Number         0  main.o ABSOLUTE
    __ARM_exceptions_init                     - Undefined Weak Reference
    __alloca_initialize                       - Undefined Weak Reference
    __arm_preinit_                            - Undefined Weak Reference
    __cpp_initialize__aeabi_                  - Undefined Weak Reference
    __cxa_finalize                            - Undefined Weak Reference
    __rt_locale                               - Undefined Weak Reference
    __sigvec_lookup                           - Undefined Weak Reference
    _atexit_init                              - Undefined Weak Reference
    _call_atexit_fns                          - Undefined Weak Reference
    _clock_init                               - Undefined Weak Reference
    _fp_trap_init                             - Undefined Weak Reference
    _fp_trap_shutdown                         - Undefined Weak Reference
    _get_lc_collate                           - Undefined Weak Reference
    _get_lc_ctype                             - Undefined Weak Reference
    _get_lc_monetary                          - Undefined Weak Reference
    _get_lc_numeric                           - Undefined Weak Reference
    _get_lc_time                              - Undefined Weak Reference
    _getenv_init                              - Undefined Weak Reference
    _handle_redirection                       - Undefined Weak Reference
    _init_alloc                               - Undefined Weak Reference
    _init_user_alloc                          - Undefined Weak Reference
    _initio                                   - Undefined Weak Reference
    _mutex_acquire                            - Undefined Weak Reference
    _mutex_release                            - Undefined Weak Reference
    _printf_post_padding                      - Undefined Weak Reference
    _printf_pre_padding                       - Undefined Weak Reference
    _printf_truncate_signed                   - Undefined Weak Reference
    _printf_truncate_unsigned                 - Undefined Weak Reference
    _rand_init                                - Undefined Weak Reference
    _signal_finish                            - Undefined Weak Reference
    _signal_init                              - Undefined Weak Reference
    _terminate_alloc                          - Undefined Weak Reference
    _terminate_user_alloc                     - Undefined Weak Reference
    _terminateio                              - Undefined Weak Reference
    __Vectors_Size                           0x00000130   Number         0  startup_stm32f10x_hd.o ABSOLUTE
    __Vectors                                0x08000000   Data           4  startup_stm32f10x_hd.o(RESET)
    __Vectors_End                            0x08000130   Data           0  startup_stm32f10x_hd.o(RESET)
    __main                                   0x08000131   Thumb Code     8  __main.o(!!!main)
    __scatterload                            0x08000139   Thumb Code     0  __scatter.o(!!!scatter)
    __scatterload_rt2                        0x08000139   Thumb Code    44  __scatter.o(!!!scatter)
    __scatterload_rt2_thumb_only             0x08000139   Thumb Code     0  __scatter.o(!!!scatter)
    __scatterload_null                       0x08000147   Thumb Code     0  __scatter.o(!!!scatter)
    __scatterload_copy                       0x0800016d   Thumb Code    26  __scatter_copy.o(!!handler_copy)
    __scatterload_zeroinit                   0x08000189   Thumb Code    28  __scatter_zi.o(!!handler_zi)
    _printf_d                                0x080001a5   Thumb Code     0  _printf_d.o(.ARM.Collect$$_printf_percent$$00000009)
    _printf_percent                          0x080001a5   Thumb Code     0  _printf_percent.o(.ARM.Collect$$_printf_percent$$00000000)
    _printf_x                                0x080001ab   Thumb Code     0  _printf_x.o(.ARM.Collect$$_printf_percent$$0000000C)
    _printf_percent_end                      0x080001b1   Thumb Code     0  _printf_percent_end.o(.ARM.Collect$$_printf_percent$$00000017)
    __rt_lib_init                            0x080001b5   Thumb Code     0  libinit.o(.ARM.Collect$$libinit$$00000000)
    __rt_lib_init_alloca_1                   0x080001b7   Thumb Code     0  libinit2.o(.ARM.Collect$$libinit$$0000002E)
    __rt_lib_init_argv_1                     0x080001b7   Thumb Code     0  libinit2.o(.ARM.Collect$$libinit$$0000002C)
    __rt_lib_init_atexit_1                   0x080001b7   Thumb Code     0  libinit2.o(.ARM.Collect$$libinit$$0000001B)
    __rt_lib_init_clock_1                    0x080001b7   Thumb Code     0  libinit2.o(.ARM.Collect$$libinit$$00000021)
    __rt_lib_init_cpp_1                      0x080001b7   Thumb Code     0  libinit2.o(.ARM.Collect$$libinit$$00000032)
    __rt_lib_init_exceptions_1               0x080001b7   Thumb Code     0  libinit2.o(.ARM.Collect$$libinit$$00000030)
    __rt_lib_init_fp_1                       0x080001b7   Thumb Code     0  libinit2.o(.ARM.Collect$$libinit$$00000002)
    __rt_lib_init_fp_trap_1                  0x080001b7   Thumb Code     0  libinit2.o(.ARM.Collect$$libinit$$0000001F)
    __rt_lib_init_getenv_1                   0x080001b7   Thumb Code     0  libinit2.o(.ARM.Collect$$libinit$$00000023)
    __rt_lib_init_heap_1                     0x080001b7   Thumb Code     0  libinit2.o(.ARM.Collect$$libinit$$0000000A)
    __rt_lib_init_lc_collate_1               0x080001b7   Thumb Code     0  libinit2.o(.ARM.Collect$$libinit$$00000011)
    __rt_lib_init_lc_ctype_1                 0x080001b7   Thumb Code     0  libinit2.o(.ARM.Collect$$libinit$$00000013)
    __rt_lib_init_lc_monetary_1              0x080001b7   Thumb Code     0  libinit2.o(.ARM.Collect$$libinit$$00000015)
    __rt_lib_init_lc_numeric_1               0x080001b7   Thumb Code     0  libinit2.o(.ARM.Collect$$libinit$$00000017)
    __rt_lib_init_lc_time_1                  0x080001b7   Thumb Code     0  libinit2.o(.ARM.Collect$$libinit$$00000019)
    __rt_lib_init_preinit_1                  0x080001b7   Thumb Code     0  libinit2.o(.ARM.Collect$$libinit$$00000004)
    __rt_lib_init_rand_1                     0x080001b7   Thumb Code     0  libinit2.o(.ARM.Collect$$libinit$$0000000E)
    __rt_lib_init_return                     0x080001b7   Thumb Code     0  libinit2.o(.ARM.Collect$$libinit$$00000033)
    __rt_lib_init_signal_1                   0x080001b7   Thumb Code     0  libinit2.o(.ARM.Collect$$libinit$$0000001D)
    __rt_lib_init_stdio_1                    0x080001b7   Thumb Code     0  libinit2.o(.ARM.Collect$$libinit$$00000025)
    __rt_lib_init_user_alloc_1               0x080001b7   Thumb Code     0  libinit2.o(.ARM.Collect$$libinit$$0000000C)
    __rt_lib_shutdown                        0x080001b9   Thumb Code     0  libshutdown.o(.ARM.Collect$$libshutdown$$00000000)
    __rt_lib_shutdown_fp_trap_1              0x080001bb   Thumb Code     0  libshutdown2.o(.ARM.Collect$$libshutdown$$00000006)
    __rt_lib_shutdown_heap_1                 0x080001bb   Thumb Code     0  libshutdown2.o(.ARM.Collect$$libshutdown$$0000000E)
    __rt_lib_shutdown_return                 0x080001bb   Thumb Code     0  libshutdown2.o(.ARM.Collect$$libshutdown$$0000000F)
    __rt_lib_shutdown_signal_1               0x080001bb   Thumb Code     0  libshutdown2.o(.ARM.Collect$$libshutdown$$00000009)
    __rt_lib_shutdown_stdio_1                0x080001bb   Thumb Code     0  libshutdown2.o(.ARM.Collect$$libshutdown$$00000003)
    __rt_lib_shutdown_user_alloc_1           0x080001bb   Thumb Code     0  libshutdown2.o(.ARM.Collect$$libshutdown$$0000000B)
    __rt_entry                               0x080001bd   Thumb Code     0  __rtentry.o(.ARM.Collect$$rtentry$$00000000)
    __rt_entry_presh_1                       0x080001bd   Thumb Code     0  __rtentry2.o(.ARM.Collect$$rtentry$$00000002)
    __rt_entry_sh                            0x080001bd   Thumb Code     0  __rtentry4.o(.ARM.Collect$$rtentry$$00000004)
    __rt_entry_li                            0x080001c3   Thumb Code     0  __rtentry2.o(.ARM.Collect$$rtentry$$0000000A)
    __rt_entry_postsh_1                      0x080001c3   Thumb Code     0  __rtentry2.o(.ARM.Collect$$rtentry$$00000009)
    __rt_entry_main                          0x080001c7   Thumb Code     0  __rtentry2.o(.ARM.Collect$$rtentry$$0000000D)
    __rt_entry_postli_1                      0x080001c7   Thumb Code     0  __rtentry2.o(.ARM.Collect$$rtentry$$0000000C)
    __rt_exit                                0x080001cf   Thumb Code     0  rtexit.o(.ARM.Collect$$rtexit$$00000000)
    __rt_exit_ls                             0x080001d1   Thumb Code     0  rtexit2.o(.ARM.Collect$$rtexit$$00000003)
    __rt_exit_prels_1                        0x080001d1   Thumb Code     0  rtexit2.o(.ARM.Collect$$rtexit$$00000002)
    __rt_exit_exit                           0x080001d5   Thumb Code     0  rtexit2.o(.ARM.Collect$$rtexit$$00000004)
    WFI_SET                                  0x080001dd   Thumb Code     2  sys.o(.emb_text)
    INTX_DISABLE                             0x080001df   Thumb Code     2  sys.o(.emb_text)
    INTX_ENABLE                              0x080001e1   Thumb Code     2  sys.o(.emb_text)
    MSR_MSP                                  0x080001e3   Thumb Code     6  sys.o(.emb_text)
    Reset_Handler                            0x080001e9   Thumb Code     8  startup_stm32f10x_hd.o(.text)
    ADC3_IRQHandler                          0x08000203   Thumb Code     0  startup_stm32f10x_hd.o(.text)
    CAN1_RX1_IRQHandler                      0x08000203   Thumb Code     0  startup_stm32f10x_hd.o(.text)
    CAN1_SCE_IRQHandler                      0x08000203   Thumb Code     0  startup_stm32f10x_hd.o(.text)
    DMA1_Channel1_IRQHandler                 0x08000203   Thumb Code     0  startup_stm32f10x_hd.o(.text)
    DMA1_Channel2_IRQHandler                 0x08000203   Thumb Code     0  startup_stm32f10x_hd.o(.text)
    DMA1_Channel3_IRQHandler                 0x08000203   Thumb Code     0  startup_stm32f10x_hd.o(.text)
    DMA1_Channel4_IRQHandler                 0x08000203   Thumb Code     0  startup_stm32f10x_hd.o(.text)
    DMA1_Channel5_IRQHandler                 0x08000203   Thumb Code     0  startup_stm32f10x_hd.o(.text)
    DMA1_Channel6_IRQHandler                 0x08000203   Thumb Code     0  startup_stm32f10x_hd.o(.text)
    DMA1_Channel7_IRQHandler                 0x08000203   Thumb Code     0  startup_stm32f10x_hd.o(.text)
    DMA2_Channel1_IRQHandler                 0x08000203   Thumb Code     0  startup_stm32f10x_hd.o(.text)
    DMA2_Channel2_IRQHandler                 0x08000203   Thumb Code     0  startup_stm32f10x_hd.o(.text)
    DMA2_Channel3_IRQHandler                 0x08000203   Thumb Code     0  startup_stm32f10x_hd.o(.text)
    DMA2_Channel4_5_IRQHandler               0x08000203   Thumb Code     0  startup_stm32f10x_hd.o(.text)
    EXTI0_IRQHandler                         0x08000203   Thumb Code     0  startup_stm32f10x_hd.o(.text)
    EXTI1_IRQHandler                         0x08000203   Thumb Code     0  startup_stm32f10x_hd.o(.text)
    EXTI2_IRQHandler                         0x08000203   Thumb Code     0  startup_stm32f10x_hd.o(.text)
    EXTI3_IRQHandler                         0x08000203   Thumb Code     0  startup_stm32f10x_hd.o(.text)
    EXTI4_IRQHandler                         0x08000203   Thumb Code     0  startup_stm32f10x_hd.o(.text)
    EXTI9_5_IRQHandler                       0x08000203   Thumb Code     0  startup_stm32f10x_hd.o(.text)
    FLASH_IRQHandler                         0x08000203   Thumb Code     0  startup_stm32f10x_hd.o(.text)
    FSMC_IRQHandler                          0x08000203   Thumb Code     0  startup_stm32f10x_hd.o(.text)
    I2C1_ER_IRQHandler                       0x08000203   Thumb Code     0  startup_stm32f10x_hd.o(.text)
    I2C1_EV_IRQHandler                       0x08000203   Thumb Code     0  startup_stm32f10x_hd.o(.text)
    I2C2_ER_IRQHandler                       0x08000203   Thumb Code     0  startup_stm32f10x_hd.o(.text)
    I2C2_EV_IRQHandler                       0x08000203   Thumb Code     0  startup_stm32f10x_hd.o(.text)
    PVD_IRQHandler                           0x08000203   Thumb Code     0  startup_stm32f10x_hd.o(.text)
    RCC_IRQHandler                           0x08000203   Thumb Code     0  startup_stm32f10x_hd.o(.text)
    RTCAlarm_IRQHandler                      0x08000203   Thumb Code     0  startup_stm32f10x_hd.o(.text)
    SDIO_IRQHandler                          0x08000203   Thumb Code     0  startup_stm32f10x_hd.o(.text)
    SPI1_IRQHandler                          0x08000203   Thumb Code     0  startup_stm32f10x_hd.o(.text)
    SPI2_IRQHandler                          0x08000203   Thumb Code     0  startup_stm32f10x_hd.o(.text)
    SPI3_IRQHandler                          0x08000203   Thumb Code     0  startup_stm32f10x_hd.o(.text)
    TAMPER_IRQHandler                        0x08000203   Thumb Code     0  startup_stm32f10x_hd.o(.text)
    TIM1_BRK_IRQHandler                      0x08000203   Thumb Code     0  startup_stm32f10x_hd.o(.text)
    TIM1_CC_IRQHandler                       0x08000203   Thumb Code     0  startup_stm32f10x_hd.o(.text)
    TIM1_TRG_COM_IRQHandler                  0x08000203   Thumb Code     0  startup_stm32f10x_hd.o(.text)
    TIM1_UP_IRQHandler                       0x08000203   Thumb Code     0  startup_stm32f10x_hd.o(.text)
    TIM3_IRQHandler                          0x08000203   Thumb Code     0  startup_stm32f10x_hd.o(.text)
    TIM4_IRQHandler                          0x08000203   Thumb Code     0  startup_stm32f10x_hd.o(.text)
    TIM5_IRQHandler                          0x08000203   Thumb Code     0  startup_stm32f10x_hd.o(.text)
    TIM7_IRQHandler                          0x08000203   Thumb Code     0  startup_stm32f10x_hd.o(.text)
    TIM8_BRK_IRQHandler                      0x08000203   Thumb Code     0  startup_stm32f10x_hd.o(.text)
    TIM8_CC_IRQHandler                       0x08000203   Thumb Code     0  startup_stm32f10x_hd.o(.text)
    TIM8_TRG_COM_IRQHandler                  0x08000203   Thumb Code     0  startup_stm32f10x_hd.o(.text)
    TIM8_UP_IRQHandler                       0x08000203   Thumb Code     0  startup_stm32f10x_hd.o(.text)
    UART4_IRQHandler                         0x08000203   Thumb Code     0  startup_stm32f10x_hd.o(.text)
    UART5_IRQHandler                         0x08000203   Thumb Code     0  startup_stm32f10x_hd.o(.text)
    USART2_IRQHandler                        0x08000203   Thumb Code     0  startup_stm32f10x_hd.o(.text)
    USART3_IRQHandler                        0x08000203   Thumb Code     0  startup_stm32f10x_hd.o(.text)
    USBWakeUp_IRQHandler                     0x08000203   Thumb Code     0  startup_stm32f10x_hd.o(.text)
    USB_HP_CAN1_TX_IRQHandler                0x08000203   Thumb Code     0  startup_stm32f10x_hd.o(.text)
    WWDG_IRQHandler                          0x08000203   Thumb Code     0  startup_stm32f10x_hd.o(.text)
    __user_initial_stackheap                 0x08000205   Thumb Code     0  startup_stm32f10x_hd.o(.text)
    delay                                    0x08000229   Thumb Code    10  main.o(.text)
    main                                     0x08000233   Thumb Code   230  main.o(.text)
    NMI_Handler                              0x08000369   Thumb Code     2  stm32f10x_it.o(.text)
    HardFault_Handler                        0x0800036b   Thumb Code     4  stm32f10x_it.o(.text)
    MemManage_Handler                        0x0800036f   Thumb Code     4  stm32f10x_it.o(.text)
    BusFault_Handler                         0x08000373   Thumb Code     4  stm32f10x_it.o(.text)
    UsageFault_Handler                       0x08000377   Thumb Code     4  stm32f10x_it.o(.text)
    SVC_Handler                              0x0800037b   Thumb Code     2  stm32f10x_it.o(.text)
    DebugMon_Handler                         0x0800037d   Thumb Code     2  stm32f10x_it.o(.text)
    PendSV_Handler                           0x0800037f   Thumb Code     2  stm32f10x_it.o(.text)
    SystemInit                               0x0800045f   Thumb Code    78  system_stm32f10x.o(.text)
    SystemCoreClockUpdate                    0x080004ad   Thumb Code   142  system_stm32f10x.o(.text)
    NVIC_PriorityGroupConfig                 0x08000561   Thumb Code    10  misc.o(.text)
    NVIC_Init                                0x0800056b   Thumb Code   100  misc.o(.text)
    NVIC_SetVectorTable                      0x080005cf   Thumb Code    14  misc.o(.text)
    NVIC_SystemLPConfig                      0x080005dd   Thumb Code    34  misc.o(.text)
    SysTick_CLKSourceConfig                  0x080005ff   Thumb Code    40  misc.o(.text)
    RCC_DeInit                               0x0800063d   Thumb Code    64  stm32f10x_rcc.o(.text)
    RCC_HSEConfig                            0x0800067d   Thumb Code    70  stm32f10x_rcc.o(.text)
    RCC_GetFlagStatus                        0x080006c3   Thumb Code    56  stm32f10x_rcc.o(.text)
    RCC_WaitForHSEStartUp                    0x080006fb   Thumb Code    56  stm32f10x_rcc.o(.text)
    RCC_AdjustHSICalibrationValue            0x08000733   Thumb Code    20  stm32f10x_rcc.o(.text)
    RCC_HSICmd                               0x08000747   Thumb Code     6  stm32f10x_rcc.o(.text)
    RCC_PLLConfig                            0x0800074d   Thumb Code    24  stm32f10x_rcc.o(.text)
    RCC_PLLCmd                               0x08000765   Thumb Code     6  stm32f10x_rcc.o(.text)
    RCC_SYSCLKConfig                         0x0800076b   Thumb Code    18  stm32f10x_rcc.o(.text)
    RCC_GetSYSCLKSource                      0x0800077d   Thumb Code    10  stm32f10x_rcc.o(.text)
    RCC_HCLKConfig                           0x08000787   Thumb Code    18  stm32f10x_rcc.o(.text)
    RCC_PCLK1Config                          0x08000799   Thumb Code    18  stm32f10x_rcc.o(.text)
    RCC_PCLK2Config                          0x080007ab   Thumb Code    20  stm32f10x_rcc.o(.text)
    RCC_ITConfig                             0x080007bf   Thumb Code    26  stm32f10x_rcc.o(.text)
    RCC_USBCLKConfig                         0x080007d9   Thumb Code     8  stm32f10x_rcc.o(.text)
    RCC_ADCCLKConfig                         0x080007e1   Thumb Code    18  stm32f10x_rcc.o(.text)
    RCC_LSEConfig                            0x080007f3   Thumb Code    50  stm32f10x_rcc.o(.text)
    RCC_LSICmd                               0x08000825   Thumb Code     6  stm32f10x_rcc.o(.text)
    RCC_RTCCLKConfig                         0x0800082b   Thumb Code    12  stm32f10x_rcc.o(.text)
    RCC_RTCCLKCmd                            0x08000837   Thumb Code     8  stm32f10x_rcc.o(.text)
    RCC_GetClocksFreq                        0x0800083f   Thumb Code   192  stm32f10x_rcc.o(.text)
    RCC_AHBPeriphClockCmd                    0x080008ff   Thumb Code    26  stm32f10x_rcc.o(.text)
    RCC_APB2PeriphClockCmd                   0x08000919   Thumb Code    26  stm32f10x_rcc.o(.text)
    RCC_APB1PeriphClockCmd                   0x08000933   Thumb Code    26  stm32f10x_rcc.o(.text)
    RCC_APB2PeriphResetCmd                   0x0800094d   Thumb Code    26  stm32f10x_rcc.o(.text)
    RCC_APB1PeriphResetCmd                   0x08000967   Thumb Code    26  stm32f10x_rcc.o(.text)
    RCC_BackupResetCmd                       0x08000981   Thumb Code     8  stm32f10x_rcc.o(.text)
    RCC_ClockSecuritySystemCmd               0x08000989   Thumb Code     6  stm32f10x_rcc.o(.text)
    RCC_MCOConfig                            0x0800098f   Thumb Code     6  stm32f10x_rcc.o(.text)
    RCC_ClearFlag                            0x08000995   Thumb Code    14  stm32f10x_rcc.o(.text)
    RCC_GetITStatus                          0x080009a3   Thumb Code    20  stm32f10x_rcc.o(.text)
    RCC_ClearITPendingBit                    0x080009b7   Thumb Code     6  stm32f10x_rcc.o(.text)
    GPIO_DeInit                              0x080009e1   Thumb Code   172  stm32f10x_gpio.o(.text)
    GPIO_AFIODeInit                          0x08000a8d   Thumb Code    20  stm32f10x_gpio.o(.text)
    GPIO_Init                                0x08000aa1   Thumb Code   278  stm32f10x_gpio.o(.text)
    GPIO_StructInit                          0x08000bb7   Thumb Code    16  stm32f10x_gpio.o(.text)
    GPIO_ReadInputDataBit                    0x08000bc7   Thumb Code    18  stm32f10x_gpio.o(.text)
    GPIO_ReadInputData                       0x08000bd9   Thumb Code     8  stm32f10x_gpio.o(.text)
    GPIO_ReadOutputDataBit                   0x08000be1   Thumb Code    18  stm32f10x_gpio.o(.text)
    GPIO_ReadOutputData                      0x08000bf3   Thumb Code     8  stm32f10x_gpio.o(.text)
    GPIO_SetBits                             0x08000bfb   Thumb Code     4  stm32f10x_gpio.o(.text)
    GPIO_ResetBits                           0x08000bff   Thumb Code     4  stm32f10x_gpio.o(.text)
    GPIO_WriteBit                            0x08000c03   Thumb Code    10  stm32f10x_gpio.o(.text)
    GPIO_Write                               0x08000c0d   Thumb Code     4  stm32f10x_gpio.o(.text)
    GPIO_PinLockConfig                       0x08000c11   Thumb Code    18  stm32f10x_gpio.o(.text)
    GPIO_EventOutputConfig                   0x08000c23   Thumb Code    26  stm32f10x_gpio.o(.text)
    GPIO_EventOutputCmd                      0x08000c3d   Thumb Code     6  stm32f10x_gpio.o(.text)
    GPIO_PinRemapConfig                      0x08000c43   Thumb Code   138  stm32f10x_gpio.o(.text)
    GPIO_EXTILineConfig                      0x08000ccd   Thumb Code    66  stm32f10x_gpio.o(.text)
    GPIO_ETH_MediaInterfaceConfig            0x08000d0f   Thumb Code     8  stm32f10x_gpio.o(.text)
    CAN_DeInit                               0x08000d3d   Thumb Code    50  stm32f10x_can.o(.text)
    CAN_Init                                 0x08000d6f   Thumb Code   276  stm32f10x_can.o(.text)
    CAN_FilterInit                           0x08000e83   Thumb Code   258  stm32f10x_can.o(.text)
    CAN_StructInit                           0x08000f85   Thumb Code    32  stm32f10x_can.o(.text)
    CAN_SlaveStartBank                       0x08000fa5   Thumb Code    48  stm32f10x_can.o(.text)
    CAN_DBGFreeze                            0x08000fd5   Thumb Code    22  stm32f10x_can.o(.text)
    CAN_TTComModeCmd                         0x08000feb   Thumb Code   118  stm32f10x_can.o(.text)
    CAN_Transmit                             0x08001061   Thumb Code   304  stm32f10x_can.o(.text)
    CAN_TransmitStatus                       0x08001191   Thumb Code   138  stm32f10x_can.o(.text)
    CAN_CancelTransmit                       0x0800121b   Thumb Code    48  stm32f10x_can.o(.text)
    CAN_Receive                              0x0800124b   Thumb Code   240  stm32f10x_can.o(.text)
    CAN_FIFORelease                          0x0800133b   Thumb Code    22  stm32f10x_can.o(.text)
    CAN_MessagePending                       0x08001351   Thumb Code    30  stm32f10x_can.o(.text)
    CAN_OperatingModeRequest                 0x0800136f   Thumb Code   162  stm32f10x_can.o(.text)
    CAN_Sleep                                0x08001411   Thumb Code    30  stm32f10x_can.o(.text)
    CAN_WakeUp                               0x0800142f   Thumb Code    48  stm32f10x_can.o(.text)
    CAN_GetLastErrorCode                     0x0800145f   Thumb Code    12  stm32f10x_can.o(.text)
    CAN_GetReceiveErrorCounter               0x0800146b   Thumb Code    10  stm32f10x_can.o(.text)
    CAN_GetLSBTransmitErrorCounter           0x08001475   Thumb Code    12  stm32f10x_can.o(.text)
    CAN_ITConfig                             0x08001481   Thumb Code    18  stm32f10x_can.o(.text)
    CAN_GetFlagStatus                        0x08001493   Thumb Code   120  stm32f10x_can.o(.text)
    CAN_ClearFlag                            0x0800150b   Thumb Code    52  stm32f10x_can.o(.text)
    CAN_GetITStatus                          0x08001551   Thumb Code   310  stm32f10x_can.o(.text)
    CAN_ClearITPendingBit                    0x08001687   Thumb Code   162  stm32f10x_can.o(.text)
    STM32_ADC1Init                           0x0800172d   Thumb Code   380  my_stm32f10x_adc.o(.text)
    STM32_ADC1WatchDogInit                   0x080018a9   Thumb Code   156  my_stm32f10x_adc.o(.text)
    STM32_ADC1StartAConversion               0x08001945   Thumb Code    14  my_stm32f10x_adc.o(.text)
    STM32_ADC1GetVal                         0x08001953   Thumb Code    66  my_stm32f10x_adc.o(.text)
    ADC1_2_IRQHandler                        0x08001995   Thumb Code    90  my_stm32f10x_adc.o(.text)
    STM32_ClockReset                         0x08001a11   Thumb Code    80  my_stm32f10x_clock.o(.text)
    STM32_ClockInit                          0x08001a61   Thumb Code   168  my_stm32f10x_clock.o(.text)
    STM32_ClockEnable                        0x08001b09   Thumb Code    46  my_stm32f10x_clock.o(.text)
    STM32_ExInterruptInit                    0x08001b49   Thumb Code   382  my_stm32f10x_exinterrupt.o(.text)
    EXTI15_10_IRQHandler                     0x08001cc7   Thumb Code    20  my_stm32f10x_exinterrupt.o(.text)
    STM32_GPIOInit                           0x08001ced   Thumb Code   156  my_stm32f10x_gpio.o(.text)
    STM32_GPIOWriteBit                       0x08001d89   Thumb Code    14  my_stm32f10x_gpio.o(.text)
    STM32_GPIOReadBit                        0x08001d97   Thumb Code    16  my_stm32f10x_gpio.o(.text)
    STM32_GPIOWriteData                      0x08001da7   Thumb Code     4  my_stm32f10x_gpio.o(.text)
    STM32_GPIOReadData                       0x08001dab   Thumb Code     8  my_stm32f10x_gpio.o(.text)
    STM32_NVICSetVectorTable                 0x08001db5   Thumb Code    12  my_stm32f10x_nvic.o(.text)
    STM32_NVICPriorityGroupConfig            0x08001dc1   Thumb Code    36  my_stm32f10x_nvic.o(.text)
    STM32_NVICInit                           0x08001de5   Thumb Code   244  my_stm32f10x_nvic.o(.text)
    STM32_TIM4PWMInit                        0x08001eed   Thumb Code   456  my_stm32f10x_pwm.o(.text)
    STM32_TIMxPWMInit                        0x080020b5   Thumb Code   630  my_stm32f10x_pwm.o(.text)
    STM32_TIMxSetPWMDuty                     0x0800232b   Thumb Code   140  my_stm32f10x_pwm.o(.text)
    STM32_RTCInit                            0x080023bd   Thumb Code   350  my_stm32f10x_rtc.o(.text)
    RTC_IRQHandler                           0x0800251b   Thumb Code    48  my_stm32f10x_rtc.o(.text)
    STM32_TimerInit                          0x0800255d   Thumb Code   178  my_stm32f10x_timer.o(.text)
    STM32_TimerInitUs                        0x0800260f   Thumb Code    88  my_stm32f10x_timer.o(.text)
    STM32_MeasureFuncExctTimeByTimerx        0x08002667   Thumb Code   198  my_stm32f10x_timer.o(.text)
    TIM6_IRQHandler                          0x0800272d   Thumb Code    34  my_stm32f10x_timer.o(.text)
    TIM2_IRQHandler                          0x0800274f   Thumb Code    24  my_stm32f10x_timer.o(.text)
    STM32_USARTInit                          0x0800277d   Thumb Code   264  my_stm32f10x_usart.o(.text)
    STM32_USARTSendChar                      0x08002885   Thumb Code    16  my_stm32f10x_usart.o(.text)
    STM32_USARTSendString                    0x08002895   Thumb Code    32  my_stm32f10x_usart.o(.text)
    USART1_IRQHandler                        0x080028b5   Thumb Code    38  my_stm32f10x_usart.o(.text)
    STM32_DelayInit                          0x080028f5   Thumb Code    44  my_stm32f10x_systick.o(.text)
    STM32_SysTickInterruptInit               0x08002921   Thumb Code    44  my_stm32f10x_systick.o(.text)
    STM32_SysTickInit                        0x0800294d   Thumb Code    54  my_stm32f10x_systick.o(.text)
    STM32_Delay_us                           0x08002983   Thumb Code    58  my_stm32f10x_systick.o(.text)
    STM32_Delay_ms                           0x080029bd   Thumb Code    58  my_stm32f10x_systick.o(.text)
    STM32_MeasureFuncExctTimeBySysTick       0x080029f7   Thumb Code   206  my_stm32f10x_systick.o(.text)
    SysTick_Handler                          0x08002ac5   Thumb Code    24  my_stm32f10x_systick.o(.text)
    STM32_CAN1Init                           0x08002af5   Thumb Code   664  my_stm32f10x_can.o(.text)
    STM32_CANSendData                        0x08002d8d   Thumb Code   100  my_stm32f10x_can.o(.text)
    USB_LP_CAN1_RX0_IRQHandler               0x08002df1   Thumb Code    72  my_stm32f10x_can.o(.text)
    delay_init                               0x08002e6d   Thumb Code    56  delay.o(.text)
    delay_us                                 0x08002ea5   Thumb Code    56  delay.o(.text)
    delay_ms                                 0x08002edd   Thumb Code    56  delay.o(.text)
    MY_NVIC_SetVectorTable                   0x08002f1d   Thumb Code    12  sys.o(.text)
    MY_NVIC_PriorityGroupConfig              0x08002f29   Thumb Code    36  sys.o(.text)
    MY_NVIC_Init                             0x08002f4d   Thumb Code   116  sys.o(.text)
    Ex_NVIC_Config                           0x08002fc1   Thumb Code   146  sys.o(.text)
    MYRCC_DeInit                             0x08003053   Thumb Code    90  sys.o(.text)
    Sys_Standby                              0x080030ad   Thumb Code    68  sys.o(.text)
    Sys_Soft_Reset                           0x080030f1   Thumb Code    12  sys.o(.text)
    JTAG_Set                                 0x080030fd   Thumb Code    42  sys.o(.text)
    Stm32_Clock_Init                         0x08003127   Thumb Code   134  sys.o(.text)
    _sys_exit                                0x080031d9   Thumb Code     6  usart.o(.text)
    fputc                                    0x080031df   Thumb Code    24  usart.o(.text)
    uart_init                                0x080031f7   Thumb Code   214  usart.o(.text)
    __use_no_semihosting                     0x080032dd   Thumb Code     2  use_no_semi_2.o(.text)
    __2printf                                0x080032e1   Thumb Code    20  noretval__2printf.o(.text)
    __printf                                 0x080032f9   Thumb Code   104  __printf.o(.text)
    _printf_int_dec                          0x08003361   Thumb Code   104  _printf_dec.o(.text)
    _printf_int_hex                          0x080033d9   Thumb Code    84  _printf_hex_int.o(.text)
    _printf_longlong_hex                     0x080033d9   Thumb Code     0  _printf_hex_int.o(.text)
    __use_two_region_memory                  0x08003431   Thumb Code     2  heapauxi.o(.text)
    __rt_heap_escrow$2region                 0x08003433   Thumb Code     2  heapauxi.o(.text)
    __rt_heap_expand$2region                 0x08003435   Thumb Code     2  heapauxi.o(.text)
    __I$use$semihosting                      0x08003437   Thumb Code     0  use_no_semi.o(.text)
    __use_no_semihosting_swi                 0x08003437   Thumb Code     2  use_no_semi.o(.text)
    __read_errno                             0x08003439   Thumb Code    10  _rserrno.o(.text)
    __set_errno                              0x08003443   Thumb Code    12  _rserrno.o(.text)
    _printf_int_common                       0x0800344f   Thumb Code   178  _printf_intcommon.o(.text)
    _printf_char_file                        0x08003501   Thumb Code    32  _printf_char_file.o(.text)
    __aeabi_errno_addr                       0x08003525   Thumb Code     8  rt_errno_addr_intlibspace.o(.text)
    __errno$intlibspace                      0x08003525   Thumb Code     0  rt_errno_addr_intlibspace.o(.text)
    __rt_errno_addr$intlibspace              0x08003525   Thumb Code     0  rt_errno_addr_intlibspace.o(.text)
    _printf_char_common                      0x08003537   Thumb Code    32  _printf_char_common.o(.text)
    ferror                                   0x0800355d   Thumb Code     8  ferror.o(.text)
    __user_libspace                          0x08003565   Thumb Code     8  libspace.o(.text)
    __user_perproc_libspace                  0x08003565   Thumb Code     0  libspace.o(.text)
    __user_perthread_libspace                0x08003565   Thumb Code     0  libspace.o(.text)
    __user_setup_stackheap                   0x0800356d   Thumb Code    74  sys_stackheap_outer.o(.text)
    exit                                     0x080035b7   Thumb Code    12  exit.o(.text)
    __mathlib_dbl_overflow                   0x080035c3   Thumb Code    14  dunder.o(i.__mathlib_dbl_overflow)
    __mathlib_dbl_underflow                  0x080035d1   Thumb Code    10  dunder.o(i.__mathlib_dbl_underflow)
    ldexp                                    0x080035e1   Thumb Code   116  ldexp.o(i.ldexp)
    sqrt                                     0x08003655   Thumb Code    76  sqrt.o(i.sqrt)
    __fpl_dcheck_NaN1                        0x080036a1   Thumb Code    10  dcheck1.o(x$fpl$dcheck1)
    __fpl_dcmp_Inf                           0x080036b1   Thumb Code    24  dcmpi.o(x$fpl$dcmpinf)
    __aeabi_ddiv                             0x080036c9   Thumb Code     0  ddiv.o(x$fpl$ddiv)
    _ddiv                                    0x080036c9   Thumb Code   552  ddiv.o(x$fpl$ddiv)
    __aeabi_cdcmpeq                          0x08003979   Thumb Code     0  deqf.o(x$fpl$deqf)
    _dcmpeq                                  0x08003979   Thumb Code   120  deqf.o(x$fpl$deqf)
    __aeabi_d2uiz                            0x080039f1   Thumb Code     0  dfixu.o(x$fpl$dfixu)
    _dfixu                                   0x080039f1   Thumb Code    90  dfixu.o(x$fpl$dfixu)
    __aeabi_ui2d                             0x08003a4b   Thumb Code     0  dflt_clz.o(x$fpl$dfltu)
    _dfltu                                   0x08003a4b   Thumb Code    38  dflt_clz.o(x$fpl$dfltu)
    __aeabi_cdcmple                          0x08003a71   Thumb Code     0  dleqf.o(x$fpl$dleqf)
    _dcmple                                  0x08003a71   Thumb Code   120  dleqf.o(x$fpl$dleqf)
    __fpl_dcmple_InfNaN                      0x08003ad3   Thumb Code     0  dleqf.o(x$fpl$dleqf)
    __aeabi_dmul                             0x08003ae9   Thumb Code     0  dmul.o(x$fpl$dmul)
    _dmul                                    0x08003ae9   Thumb Code   332  dmul.o(x$fpl$dmul)
    __fpl_dnaninf                            0x08003c3d   Thumb Code   156  dnaninf.o(x$fpl$dnaninf)
    __fpl_dretinf                            0x08003cd9   Thumb Code    12  dretinf.o(x$fpl$dretinf)
    _dsqrt                                   0x08003ce5   Thumb Code   456  dsqrt_noumaal.o(x$fpl$dsqrt)
    __aeabi_f2d                              0x08003eb1   Thumb Code     0  f2d.o(x$fpl$f2d)
    _f2d                                     0x08003eb1   Thumb Code    86  f2d.o(x$fpl$f2d)
    __aeabi_fadd                             0x08003f09   Thumb Code     0  faddsub_clz.o(x$fpl$fadd)
    _fadd                                    0x08003f09   Thumb Code   196  faddsub_clz.o(x$fpl$fadd)
    __aeabi_fdiv                             0x08003fcd   Thumb Code     0  fdiv.o(x$fpl$fdiv)
    _fdiv                                    0x08003fcd   Thumb Code   384  fdiv.o(x$fpl$fdiv)
    __aeabi_f2uiz                            0x08004151   Thumb Code     0  ffixu.o(x$fpl$ffixu)
    _ffixu                                   0x08004151   Thumb Code    62  ffixu.o(x$fpl$ffixu)
    __aeabi_ui2f                             0x08004191   Thumb Code     0  fflt_clz.o(x$fpl$ffltu)
    _ffltu                                   0x08004191   Thumb Code    38  fflt_clz.o(x$fpl$ffltu)
    __aeabi_fmul                             0x080041b9   Thumb Code     0  fmul.o(x$fpl$fmul)
    _fmul                                    0x080041b9   Thumb Code   258  fmul.o(x$fpl$fmul)
    __fpl_fnaninf                            0x080042bb   Thumb Code   140  fnaninf.o(x$fpl$fnaninf)
    __fpl_fretinf                            0x08004347   Thumb Code    10  fretinf.o(x$fpl$fretinf)
    __aeabi_frsub                            0x08004351   Thumb Code     0  faddsub_clz.o(x$fpl$frsb)
    _frsb                                    0x08004351   Thumb Code    20  faddsub_clz.o(x$fpl$frsb)
    __aeabi_fsub                             0x08004365   Thumb Code     0  faddsub_clz.o(x$fpl$fsub)
    _fsub                                    0x08004365   Thumb Code   234  faddsub_clz.o(x$fpl$fsub)
    __fpl_return_NaN                         0x0800444f   Thumb Code   100  retnan.o(x$fpl$retnan)
    __ARM_scalbn                             0x080044b3   Thumb Code    92  scalbn.o(x$fpl$scalbn)
    __fpl_cmpreturn                          0x0800450f   Thumb Code    48  trapv.o(x$fpl$trapveneer)
    __I$use$fp                               0x0800453e   Number         0  usenofp.o(x$fpl$usenofp)
    Region$$Table$$Base                      0x08004568   Number         0  anon$$obj.o(Region$$Table)
    Region$$Table$$Limit                     0x08004588   Number         0  anon$$obj.o(Region$$Table)
    SystemCoreClock                          0x20000000   Data           4  system_stm32f10x.o(.data)
    AHBPrescTable                            0x20000004   Data          16  system_stm32f10x.o(.data)
    __stdout                                 0x20000038   Data           4  usart.o(.data)
    USART_RX_STA                             0x2000003c   Data           2  usart.o(.data)
    __libspace_start                         0x20000040   Data          96  libspace.o(.bss)
    __temporary_stack_top$libspace           0x200000a0   Data           0  libspace.o(.bss)



==============================================================================

Memory Map of the image

  Image Entry point : 0x08000131

  Load Region LR_IROM1 (Base: 0x08000000, Size: 0x000045c8, Max: 0x00080000, ABSOLUTE)

    Execution Region ER_IROM1 (Base: 0x08000000, Size: 0x00004588, Max: 0x00080000, ABSOLUTE)

    Base Addr    Size         Type   Attr      Idx    E Section Name        Object

    0x08000000   0x00000130   Data   RO            3    RESET               startup_stm32f10x_hd.o
    0x08000130   0x00000008   Code   RO          699  * !!!main             c_w.l(__main.o)
    0x08000138   0x00000034   Code   RO          981    !!!scatter          c_w.l(__scatter.o)
    0x0800016c   0x0000001a   Code   RO          983    !!handler_copy      c_w.l(__scatter_copy.o)
    0x08000186   0x00000002   PAD
    0x08000188   0x0000001c   Code   RO          985    !!handler_zi        c_w.l(__scatter_zi.o)
    0x080001a4   0x00000000   Code   RO          696    .ARM.Collect$$_printf_percent$$00000000  c_w.l(_printf_percent.o)
    0x080001a4   0x00000006   Code   RO          695    .ARM.Collect$$_printf_percent$$00000009  c_w.l(_printf_d.o)
    0x080001aa   0x00000006   Code   RO          694    .ARM.Collect$$_printf_percent$$0000000C  c_w.l(_printf_x.o)
    0x080001b0   0x00000004   Code   RO          772    .ARM.Collect$$_printf_percent$$00000017  c_w.l(_printf_percent_end.o)
    0x080001b4   0x00000002   Code   RO          855    .ARM.Collect$$libinit$$00000000  c_w.l(libinit.o)
    0x080001b6   0x00000000   Code   RO          861    .ARM.Collect$$libinit$$00000002  c_w.l(libinit2.o)
    0x080001b6   0x00000000   Code   RO          863    .ARM.Collect$$libinit$$00000004  c_w.l(libinit2.o)
    0x080001b6   0x00000000   Code   RO          866    .ARM.Collect$$libinit$$0000000A  c_w.l(libinit2.o)
    0x080001b6   0x00000000   Code   RO          868    .ARM.Collect$$libinit$$0000000C  c_w.l(libinit2.o)
    0x080001b6   0x00000000   Code   RO          870    .ARM.Collect$$libinit$$0000000E  c_w.l(libinit2.o)
    0x080001b6   0x00000000   Code   RO          873    .ARM.Collect$$libinit$$00000011  c_w.l(libinit2.o)
    0x080001b6   0x00000000   Code   RO          875    .ARM.Collect$$libinit$$00000013  c_w.l(libinit2.o)
    0x080001b6   0x00000000   Code   RO          877    .ARM.Collect$$libinit$$00000015  c_w.l(libinit2.o)
    0x080001b6   0x00000000   Code   RO          879    .ARM.Collect$$libinit$$00000017  c_w.l(libinit2.o)
    0x080001b6   0x00000000   Code   RO          881    .ARM.Collect$$libinit$$00000019  c_w.l(libinit2.o)
    0x080001b6   0x00000000   Code   RO          883    .ARM.Collect$$libinit$$0000001B  c_w.l(libinit2.o)
    0x080001b6   0x00000000   Code   RO          885    .ARM.Collect$$libinit$$0000001D  c_w.l(libinit2.o)
    0x080001b6   0x00000000   Code   RO          887    .ARM.Collect$$libinit$$0000001F  c_w.l(libinit2.o)
    0x080001b6   0x00000000   Code   RO          889    .ARM.Collect$$libinit$$00000021  c_w.l(libinit2.o)
    0x080001b6   0x00000000   Code   RO          891    .ARM.Collect$$libinit$$00000023  c_w.l(libinit2.o)
    0x080001b6   0x00000000   Code   RO          893    .ARM.Collect$$libinit$$00000025  c_w.l(libinit2.o)
    0x080001b6   0x00000000   Code   RO          897    .ARM.Collect$$libinit$$0000002C  c_w.l(libinit2.o)
    0x080001b6   0x00000000   Code   RO          899    .ARM.Collect$$libinit$$0000002E  c_w.l(libinit2.o)
    0x080001b6   0x00000000   Code   RO          901    .ARM.Collect$$libinit$$00000030  c_w.l(libinit2.o)
    0x080001b6   0x00000000   Code   RO          903    .ARM.Collect$$libinit$$00000032  c_w.l(libinit2.o)
    0x080001b6   0x00000002   Code   RO          904    .ARM.Collect$$libinit$$00000033  c_w.l(libinit2.o)
    0x080001b8   0x00000002   Code   RO          924    .ARM.Collect$$libshutdown$$00000000  c_w.l(libshutdown.o)
    0x080001ba   0x00000000   Code   RO          935    .ARM.Collect$$libshutdown$$00000003  c_w.l(libshutdown2.o)
    0x080001ba   0x00000000   Code   RO          938    .ARM.Collect$$libshutdown$$00000006  c_w.l(libshutdown2.o)
    0x080001ba   0x00000000   Code   RO          941    .ARM.Collect$$libshutdown$$00000009  c_w.l(libshutdown2.o)
    0x080001ba   0x00000000   Code   RO          943    .ARM.Collect$$libshutdown$$0000000B  c_w.l(libshutdown2.o)
    0x080001ba   0x00000000   Code   RO          946    .ARM.Collect$$libshutdown$$0000000E  c_w.l(libshutdown2.o)
    0x080001ba   0x00000002   Code   RO          947    .ARM.Collect$$libshutdown$$0000000F  c_w.l(libshutdown2.o)
    0x080001bc   0x00000000   Code   RO          765    .ARM.Collect$$rtentry$$00000000  c_w.l(__rtentry.o)
    0x080001bc   0x00000000   Code   RO          808    .ARM.Collect$$rtentry$$00000002  c_w.l(__rtentry2.o)
    0x080001bc   0x00000006   Code   RO          820    .ARM.Collect$$rtentry$$00000004  c_w.l(__rtentry4.o)
    0x080001c2   0x00000000   Code   RO          810    .ARM.Collect$$rtentry$$00000009  c_w.l(__rtentry2.o)
    0x080001c2   0x00000004   Code   RO          811    .ARM.Collect$$rtentry$$0000000A  c_w.l(__rtentry2.o)
    0x080001c6   0x00000000   Code   RO          813    .ARM.Collect$$rtentry$$0000000C  c_w.l(__rtentry2.o)
    0x080001c6   0x00000008   Code   RO          814    .ARM.Collect$$rtentry$$0000000D  c_w.l(__rtentry2.o)
    0x080001ce   0x00000002   Code   RO          858    .ARM.Collect$$rtexit$$00000000  c_w.l(rtexit.o)
    0x080001d0   0x00000000   Code   RO          908    .ARM.Collect$$rtexit$$00000002  c_w.l(rtexit2.o)
    0x080001d0   0x00000004   Code   RO          909    .ARM.Collect$$rtexit$$00000003  c_w.l(rtexit2.o)
    0x080001d4   0x00000006   Code   RO          910    .ARM.Collect$$rtexit$$00000004  c_w.l(rtexit2.o)
    0x080001da   0x00000002   PAD
    0x080001dc   0x0000000c   Code   RO          602    .emb_text           sys.o
    0x080001e8   0x00000040   Code   RO            4    .text               startup_stm32f10x_hd.o
    0x08000228   0x00000140   Code   RO           10    .text               main.o
    0x08000368   0x00000018   Code   RO          126    .text               stm32f10x_it.o
    0x08000380   0x000001e0   Code   RO          234    .text               system_stm32f10x.o
    0x08000560   0x000000dc   Code   RO          252    .text               misc.o
    0x0800063c   0x000003a4   Code   RO          264    .text               stm32f10x_rcc.o
    0x080009e0   0x0000035c   Code   RO          278    .text               stm32f10x_gpio.o
    0x08000d3c   0x000009f0   Code   RO          290    .text               stm32f10x_can.o
    0x0800172c   0x000002e4   Code   RO          302    .text               my_stm32f10x_adc.o
    0x08001a10   0x00000138   Code   RO          314    .text               my_stm32f10x_clock.o
    0x08001b48   0x000001a4   Code   RO          341    .text               my_stm32f10x_exinterrupt.o
    0x08001cec   0x000000c6   Code   RO          353    .text               my_stm32f10x_gpio.o
    0x08001db2   0x00000002   PAD
    0x08001db4   0x00000138   Code   RO          365    .text               my_stm32f10x_nvic.o
    0x08001eec   0x000004d0   Code   RO          381    .text               my_stm32f10x_pwm.o
    0x080023bc   0x000001a0   Code   RO          393    .text               my_stm32f10x_rtc.o
    0x0800255c   0x00000220   Code   RO          405    .text               my_stm32f10x_timer.o
    0x0800277c   0x00000178   Code   RO          419    .text               my_stm32f10x_usart.o
    0x080028f4   0x00000200   Code   RO          556    .text               my_stm32f10x_systick.o
    0x08002af4   0x00000378   Code   RO          570    .text               my_stm32f10x_can.o
    0x08002e6c   0x000000b0   Code   RO          582    .text               delay.o
    0x08002f1c   0x000002bc   Code   RO          603    .text               sys.o
    0x080031d8   0x00000104   Code   RO          618    .text               usart.o
    0x080032dc   0x00000002   Code   RO          643    .text               c_w.l(use_no_semi_2.o)
    0x080032de   0x00000002   PAD
    0x080032e0   0x00000018   Code   RO          647    .text               c_w.l(noretval__2printf.o)
    0x080032f8   0x00000068   Code   RO          649    .text               c_w.l(__printf.o)
    0x08003360   0x00000078   Code   RO          651    .text               c_w.l(_printf_dec.o)
    0x080033d8   0x00000058   Code   RO          656    .text               c_w.l(_printf_hex_int.o)
    0x08003430   0x00000006   Code   RO          697    .text               c_w.l(heapauxi.o)
    0x08003436   0x00000002   Code   RO          763    .text               c_w.l(use_no_semi.o)
    0x08003438   0x00000016   Code   RO          766    .text               c_w.l(_rserrno.o)
    0x0800344e   0x000000b2   Code   RO          768    .text               c_w.l(_printf_intcommon.o)
    0x08003500   0x00000024   Code   RO          770    .text               c_w.l(_printf_char_file.o)
    0x08003524   0x00000008   Code   RO          825    .text               c_w.l(rt_errno_addr_intlibspace.o)
    0x0800352c   0x00000030   Code   RO          827    .text               c_w.l(_printf_char_common.o)
    0x0800355c   0x00000008   Code   RO          829    .text               c_w.l(ferror.o)
    0x08003564   0x00000008   Code   RO          841    .text               c_w.l(libspace.o)
    0x0800356c   0x0000004a   Code   RO          844    .text               c_w.l(sys_stackheap_outer.o)
    0x080035b6   0x0000000c   Code   RO          848    .text               c_w.l(exit.o)
    0x080035c2   0x0000000e   Code   RO          796    i.__mathlib_dbl_overflow  m_ws.l(dunder.o)
    0x080035d0   0x00000010   Code   RO          798    i.__mathlib_dbl_underflow  m_ws.l(dunder.o)
    0x080035e0   0x00000074   Code   RO          745    i.ldexp             m_ws.l(ldexp.o)
    0x08003654   0x0000004c   Code   RO          756    i.sqrt              m_ws.l(sqrt.o)
    0x080036a0   0x00000010   Code   RO          839    x$fpl$dcheck1       fz_ws.l(dcheck1.o)
    0x080036b0   0x00000018   Code   RO          773    x$fpl$dcmpinf       fz_ws.l(dcmpi.o)
    0x080036c8   0x000002b0   Code   RO          702    x$fpl$ddiv          fz_ws.l(ddiv.o)
    0x08003978   0x00000078   Code   RO          775    x$fpl$deqf          fz_ws.l(deqf.o)
    0x080039f0   0x0000005a   Code   RO          705    x$fpl$dfixu         fz_ws.l(dfixu.o)
    0x08003a4a   0x00000026   Code   RO          709    x$fpl$dfltu         fz_ws.l(dflt_clz.o)
    0x08003a70   0x00000078   Code   RO          715    x$fpl$dleqf         fz_ws.l(dleqf.o)
    0x08003ae8   0x00000154   Code   RO          717    x$fpl$dmul          fz_ws.l(dmul.o)
    0x08003c3c   0x0000009c   Code   RO          777    x$fpl$dnaninf       fz_ws.l(dnaninf.o)
    0x08003cd8   0x0000000c   Code   RO          779    x$fpl$dretinf       fz_ws.l(dretinf.o)
    0x08003ce4   0x000001cc   Code   RO          781    x$fpl$dsqrt         fz_ws.l(dsqrt_noumaal.o)
    0x08003eb0   0x00000056   Code   RO          719    x$fpl$f2d           fz_ws.l(f2d.o)
    0x08003f06   0x00000002   PAD
    0x08003f08   0x000000c4   Code   RO          721    x$fpl$fadd          fz_ws.l(faddsub_clz.o)
    0x08003fcc   0x00000184   Code   RO          728    x$fpl$fdiv          fz_ws.l(fdiv.o)
    0x08004150   0x0000003e   Code   RO          731    x$fpl$ffixu         fz_ws.l(ffixu.o)
    0x0800418e   0x00000002   PAD
    0x08004190   0x00000026   Code   RO          735    x$fpl$ffltu         fz_ws.l(fflt_clz.o)
    0x080041b6   0x00000002   PAD
    0x080041b8   0x00000102   Code   RO          741    x$fpl$fmul          fz_ws.l(fmul.o)
    0x080042ba   0x0000008c   Code   RO          783    x$fpl$fnaninf       fz_ws.l(fnaninf.o)
    0x08004346   0x0000000a   Code   RO          785    x$fpl$fretinf       fz_ws.l(fretinf.o)
    0x08004350   0x00000014   Code   RO          722    x$fpl$frsb          fz_ws.l(faddsub_clz.o)
    0x08004364   0x000000ea   Code   RO          723    x$fpl$fsub          fz_ws.l(faddsub_clz.o)
    0x0800444e   0x00000064   Code   RO          856    x$fpl$retnan        fz_ws.l(retnan.o)
    0x080044b2   0x0000005c   Code   RO          789    x$fpl$scalbn        fz_ws.l(scalbn.o)
    0x0800450e   0x00000030   Code   RO          905    x$fpl$trapveneer    fz_ws.l(trapv.o)
    0x0800453e   0x00000000   Code   RO          791    x$fpl$usenofp       fz_ws.l(usenofp.o)
    0x0800453e   0x00000028   Data   RO          657    .constdata          c_w.l(_printf_hex_int.o)
    0x08004566   0x00000002   PAD
    0x08004568   0x00000020   Data   RO          979    Region$$Table       anon$$obj.o


    Execution Region RW_IRAM1 (Base: 0x20000000, Size: 0x000006a0, Max: 0x00010000, ABSOLUTE)

    Base Addr    Size         Type   Attr      Idx    E Section Name        Object

    0x20000000   0x00000014   Data   RW          235    .data               system_stm32f10x.o
    0x20000014   0x00000014   Data   RW          265    .data               stm32f10x_rcc.o
    0x20000028   0x00000004   Data   RW          406    .data               my_stm32f10x_timer.o
    0x2000002c   0x00000008   Data   RW          557    .data               my_stm32f10x_systick.o
    0x20000034   0x00000004   Data   RW          583    .data               delay.o
    0x20000038   0x00000006   Data   RW          620    .data               usart.o
    0x2000003e   0x00000002   PAD
    0x20000040   0x00000060   Zero   RW          842    .bss                c_w.l(libspace.o)
    0x200000a0   0x00000200   Zero   RW            2    HEAP                startup_stm32f10x_hd.o
    0x200002a0   0x00000400   Zero   RW            1    STACK               startup_stm32f10x_hd.o


==============================================================================

Image component sizes


      Code (inc. data)   RO Data    RW Data    ZI Data      Debug   Object Name

       176          8          0          4          0       1075   delay.o
       320         80          0          0          0     229309   main.o
       220         22          0          0          0       1949   misc.o
       740         34          0          0          0       1994   my_stm32f10x_adc.o
       888         68          0          0          0       2346   my_stm32f10x_can.o
       312         18          0          0          0        997   my_stm32f10x_clock.o
       420         18          0          0          0       1457   my_stm32f10x_exinterrupt.o
       198          0          0          0          0       1949   my_stm32f10x_gpio.o
       312         20          0          0          0       1172   my_stm32f10x_nvic.o
      1232         34          0          0          0       2239   my_stm32f10x_pwm.o
       416         18          0          0          0        879   my_stm32f10x_rtc.o
       512         24          0          8          0       2592   my_stm32f10x_systick.o
       544         28          0          4          0       2550   my_stm32f10x_timer.o
       376         26          0          0          0     204990   my_stm32f10x_usart.o
        64         26        304          0       1536        820   startup_stm32f10x_hd.o
      2544         38          0          0          0       8008   stm32f10x_can.o
       860         38          0          0          0       5793   stm32f10x_gpio.o
        24          0          0          0          0     231858   stm32f10x_it.o
       932         36          0         20          0       9008   stm32f10x_rcc.o
       712         44          0          0          0       2787   sys.o
       480         38          0         20          0       2107   system_stm32f10x.o
       260         16          0          6          0       2980   usart.o

    ----------------------------------------------------------------------
     12544        634        336         64       1536     718859   Object Totals
         0          0         32          0          0          0   (incl. Generated)
         2          0          0          2          0          0   (incl. Padding)

    ----------------------------------------------------------------------

      Code (inc. data)   RO Data    RW Data    ZI Data      Debug   Library Member Name

         8          0          0          0          0         68   __main.o
       104          0          0          0          0         84   __printf.o
         0          0          0          0          0          0   __rtentry.o
        12          0          0          0          0          0   __rtentry2.o
         6          0          0          0          0          0   __rtentry4.o
        52          8          0          0          0          0   __scatter.o
        26          0          0          0          0          0   __scatter_copy.o
        28          0          0          0          0          0   __scatter_zi.o
        48          6          0          0          0         96   _printf_char_common.o
        36          4          0          0          0         80   _printf_char_file.o
         6          0          0          0          0          0   _printf_d.o
       120         16          0          0          0         92   _printf_dec.o
        88          4         40          0          0         88   _printf_hex_int.o
       178          0          0          0          0         88   _printf_intcommon.o
         0          0          0          0          0          0   _printf_percent.o
         4          0          0          0          0          0   _printf_percent_end.o
         6          0          0          0          0          0   _printf_x.o
        22          0          0          0          0        100   _rserrno.o
        12          0          0          0          0         72   exit.o
         8          0          0          0          0         68   ferror.o
         6          0          0          0          0        152   heapauxi.o
         2          0          0          0          0          0   libinit.o
         2          0          0          0          0          0   libinit2.o
         2          0          0          0          0          0   libshutdown.o
         2          0          0          0          0          0   libshutdown2.o
         8          4          0          0         96         68   libspace.o
        24          4          0          0          0         84   noretval__2printf.o
         8          4          0          0          0         68   rt_errno_addr_intlibspace.o
         2          0          0          0          0          0   rtexit.o
        10          0          0          0          0          0   rtexit2.o
        74          0          0          0          0         80   sys_stackheap_outer.o
         2          0          0          0          0         68   use_no_semi.o
         2          0          0          0          0         68   use_no_semi_2.o
        16          4          0          0          0         68   dcheck1.o
        24          0          0          0          0         68   dcmpi.o
       688        140          0          0          0        208   ddiv.o
       120          4          0          0          0         92   deqf.o
        90          4          0          0          0         92   dfixu.o
        38          0          0          0          0         68   dflt_clz.o
       120          4          0          0          0         92   dleqf.o
       340         12          0          0          0        104   dmul.o
       156          4          0          0          0         92   dnaninf.o
        12          0          0          0          0         68   dretinf.o
       460         56          0          0          0        120   dsqrt_noumaal.o
        86          4          0          0          0         84   f2d.o
       450          8          0          0          0        236   faddsub_clz.o
       388         76          0          0          0         96   fdiv.o
        62          4          0          0          0         84   ffixu.o
        38          0          0          0          0         68   fflt_clz.o
       258          4          0          0          0         84   fmul.o
       140          4          0          0          0         84   fnaninf.o
        10          0          0          0          0         68   fretinf.o
       100          0          0          0          0         68   retnan.o
        92          0          0          0          0         68   scalbn.o
        48          0          0          0          0         68   trapv.o
         0          0          0          0          0          0   usenofp.o
        30          6          0          0          0        136   dunder.o
       116          0          0          0          0         84   ldexp.o
        76          0          0          0          0         84   sqrt.o

    ----------------------------------------------------------------------
      4878        384         42          0         96       3808   Library Totals
        12          0          2          0          0          0   (incl. Padding)

    ----------------------------------------------------------------------

      Code (inc. data)   RO Data    RW Data    ZI Data      Debug   Library Name

       908         50         40          0         96       1424   c_w.l
      3736        328          0          0          0       2080   fz_ws.l
       222          6          0          0          0        304   m_ws.l

    ----------------------------------------------------------------------
      4878        384         42          0         96       3808   Library Totals

    ----------------------------------------------------------------------

==============================================================================


      Code (inc. data)   RO Data    RW Data    ZI Data      Debug   

     17422       1018        378         64       1632     718711   Grand Totals
     17422       1018        378         64       1632     718711   ELF Image Totals
     17422       1018        378         64          0          0   ROM Totals

==============================================================================

    Total RO  Size (Code + RO Data)                17800 (  17.38kB)
    Total RW  Size (RW Data + ZI Data)              1696 (   1.66kB)
    Total ROM Size (Code + RO Data + RW Data)      17864 (  17.45kB)

==============================================================================

